Jun  4 03:24:34 syslog kernel: imklog 5.8.10, log source = /proc/kmsg started.
Jun  4 03:24:34 syslog rsyslogd: [origin software="rsyslogd" swVersion="5.8.10" x-pid="1665" x-info="http://www.rsyslog.com"] start
Jun  4 03:24:34 syslog kernel: Initializing cgroup subsys cpuset
Jun  4 03:24:34 syslog kernel: Initializing cgroup subsys cpu
Jun  4 03:24:34 syslog kernel: Linux version 2.6.32-431.el6.x86_64 (mockbuild@c6b8.bsys.dev.centos.org) (gcc version 4.4.7 20120313 (Red Hat 4.4.7-4) (GCC) ) #1 SMP Fri Nov 22 03:15:09 UTC 2013
Jun  4 03:24:34 syslog kernel: Command line: ro root=/dev/mapper/vg_syslog-lv_root rd_NO_LUKS LANG=en_US.UTF-8 rd_LVM_LV=vg_syslog/lv_root rd_NO_MD SYSFONT=latarcyrheb-sun16 crashkernel=auto  KEYBOARDTYPE=pc KEYTABLE=us rd_NO_DM rd_LVM_LV=vg_syslog/lv_swap rhgb quiet
Jun  4 03:24:34 syslog kernel: KERNEL supported cpus:
Jun  4 03:24:34 syslog kernel:  Intel GenuineIntel
Jun  4 03:24:34 syslog kernel:  AMD AuthenticAMD
Jun  4 03:24:34 syslog kernel:  Centaur CentaurHauls
Jun  4 03:24:34 syslog kernel: BIOS-provided physical RAM map:
Jun  4 03:24:34 syslog kernel: BIOS-e820: 0000000000000000 - 000000000009c000 (usable)
Jun  4 03:24:34 syslog kernel: BIOS-e820: 000000000009c000 - 00000000000a0000 (reserved)
Jun  4 03:24:34 syslog kernel: BIOS-e820: 00000000000e0000 - 0000000000100000 (reserved)
Jun  4 03:24:34 syslog kernel: BIOS-e820: 0000000000100000 - 000000007a289000 (usable)
Jun  4 03:24:34 syslog kernel: BIOS-e820: 000000007a289000 - 000000007af0b000 (reserved)
Jun  4 03:24:34 syslog kernel: BIOS-e820: 000000007af0b000 - 000000007b93b000 (ACPI NVS)
Jun  4 03:24:34 syslog kernel: BIOS-e820: 000000007b93b000 - 000000007bab8000 (ACPI data)
Jun  4 03:24:34 syslog kernel: BIOS-e820: 000000007bab8000 - 000000007bae9000 (usable)
Jun  4 03:24:34 syslog kernel: BIOS-e820: 000000007bae9000 - 000000007baff000 (ACPI data)
Jun  4 03:24:34 syslog kernel: BIOS-e820: 000000007baff000 - 000000007bb00000 (usable)
Jun  4 03:24:34 syslog kernel: BIOS-e820: 000000007bb00000 - 0000000090000000 (reserved)
Jun  4 03:24:34 syslog kernel: BIOS-e820: 00000000feda8000 - 00000000fedac000 (reserved)
Jun  4 03:24:34 syslog kernel: BIOS-e820: 00000000ff310000 - 0000000100000000 (reserved)
Jun  4 03:24:34 syslog kernel: BIOS-e820: 0000000100000000 - 0000000480000000 (usable)
Jun  4 03:24:34 syslog kernel: DMI 2.8 present.
Jun  4 03:24:34 syslog kernel: SMBIOS version 2.8 @ 0xFE300
Jun  4 03:24:34 syslog kernel: last_pfn = 0x480000 max_arch_pfn = 0x400000000
Jun  4 03:24:34 syslog kernel: x86 PAT enabled: cpu 0, old 0x7040600070406, new 0x7010600070106
Jun  4 03:24:34 syslog kernel: last_pfn = 0x7bb00 max_arch_pfn = 0x400000000
Jun  4 03:24:34 syslog kernel: Using GB pages for direct mapping
Jun  4 03:24:34 syslog kernel: init_memory_mapping: 0000000000000000-000000007bb00000
Jun  4 03:24:34 syslog kernel: init_memory_mapping: 0000000100000000-0000000480000000
Jun  4 03:24:34 syslog kernel: RAMDISK: 36f98000 - 37fefc6b
Jun  4 03:24:34 syslog kernel: ACPI: RSDP 00000000000fe320 00024 (v02 DELL  )
Jun  4 03:24:34 syslog kernel: ACPI: XSDT 000000007bab60e8 000BC (v01 DELL   PE_SC3   00000000      01000013)
Jun  4 03:24:34 syslog kernel: ACPI: FACP 000000007bab2000 000F4 (v04 DELL   PE_SC3   00000000 DELL 00000001)
Jun  4 03:24:34 syslog kernel: ACPI: DSDT 000000007ba9a000 1052C (v02 DELL   PE_SC3   00000003 DELL 00000001)
Jun  4 03:24:34 syslog kernel: ACPI: FACS 000000007b91b000 00040
Jun  4 03:24:34 syslog kernel: ACPI: MCEJ 000000007bab5000 00130 (v01 INTEL           00000001 INTL 0100000D)
Jun  4 03:24:34 syslog kernel: ACPI: WD__ 000000007bab4000 00134 (v01 DELL   PE_SC3   00000001 DELL 00000001)
Jun  4 03:24:34 syslog kernel: ACPI: SLIC 000000007bab3000 00024 (v01 DELL   PE_SC3   00000001 DELL 00000001)
Jun  4 03:24:34 syslog kernel: ACPI: HPET 000000007bab1000 00038 (v01 DELL   PE_SC3   00000001 DELL 00000001)
Jun  4 03:24:34 syslog kernel: ACPI: APIC 000000007bab0000 00AFC (v02 DELL   PE_SC3   00000000 DELL 00000001)
Jun  4 03:24:34 syslog kernel: ACPI: MCFG 000000007baaf000 0003C (v01 DELL   PE_SC3   00000001 DELL 00000001)
Jun  4 03:24:34 syslog kernel: ACPI: MSCT 000000007baae000 00090 (v01 DELL   PE_SC3   00000001 DELL 00000001)
Jun  4 03:24:34 syslog kernel: ACPI: SLIT 000000007baad000 0006C (v01 DELL   PE_SC3   00000001 DELL 00000001)
Jun  4 03:24:34 syslog kernel: ACPI: SRAT 000000007baab000 01130 (v03 DELL   PE_SC3   00000001 DELL 00000001)
Jun  4 03:24:34 syslog kernel: ACPI: SSDT 000000007b957000 1424A9 (v02 DELL   PE_SC3   00004000 INTL 20121114)
Jun  4 03:24:34 syslog kernel: ACPI: SSDT 000000007b954000 02198 (v02 DELL   PE_SC3   00000002 INTL 20121114)
Jun  4 03:24:34 syslog kernel: ACPI: SSDT 000000007b953000 0006E (v02 DELL   PE_SC3   00000002 INTL 20121114)
Jun  4 03:24:34 syslog kernel: ACPI: PRAD 000000007b952000 00132 (v02   DELL PE_SC3   00000002 INTL 20121114)
Jun  4 03:24:34 syslog kernel: ACPI: DMAR 000000007bafe000 000A8 (v01 DELL   PE_SC3   00000001 DELL 00000001)
Jun  4 03:24:34 syslog kernel: ACPI: HEST 000000007bafd000 0017C (v01 DELL   PE_SC3   00000002 DELL 00000001)
Jun  4 03:24:34 syslog kernel: ACPI: BERT 000000007bafc000 00030 (v01 DELL   PE_SC3   00000002 DELL 00000001)
Jun  4 03:24:34 syslog kernel: ACPI: ERST 000000007bafb000 00230 (v01 DELL   PE_SC3   00000002 DELL 00000001)
Jun  4 03:24:34 syslog kernel: ACPI: EINJ 000000007bafa000 00150 (v01 DELL   PE_SC3   00000002 DELL 00000001)
Jun  4 03:24:34 syslog kernel: Setting APIC routing to flat.
Jun  4 03:24:34 syslog kernel: SRAT: PXM 0 -> APIC 0 -> Node 0
Jun  4 03:24:34 syslog kernel: SRAT: PXM 0 -> APIC 2 -> Node 0
Jun  4 03:24:34 syslog kernel: SRAT: PXM 0 -> APIC 4 -> Node 0
Jun  4 03:24:34 syslog kernel: SRAT: PXM 0 -> APIC 6 -> Node 0
Jun  4 03:24:34 syslog kernel: SRAT: PXM 0 -> APIC 8 -> Node 0
Jun  4 03:24:34 syslog kernel: SRAT: PXM 0 -> APIC 10 -> Node 0
Jun  4 03:24:34 syslog kernel: SRAT: PXM 0 -> APIC 1 -> Node 0
Jun  4 03:24:34 syslog kernel: SRAT: PXM 0 -> APIC 3 -> Node 0
Jun  4 03:24:34 syslog kernel: SRAT: PXM 0 -> APIC 5 -> Node 0
Jun  4 03:24:34 syslog kernel: SRAT: PXM 0 -> APIC 7 -> Node 0
Jun  4 03:24:34 syslog kernel: SRAT: PXM 0 -> APIC 9 -> Node 0
Jun  4 03:24:34 syslog kernel: SRAT: PXM 0 -> APIC 11 -> Node 0
Jun  4 03:24:34 syslog kernel: SRAT: Node 0 PXM 0 0-480000000
Jun  4 03:24:34 syslog kernel: Bootmem setup node 0 0000000000000000-0000000480000000
Jun  4 03:24:34 syslog kernel:  NODE_DATA [000000000000a000 - 000000000003dfff]
Jun  4 03:24:34 syslog kernel:  bootmap [0000000000100000 -  000000000018ffff] pages 90
Jun  4 03:24:34 syslog kernel: (8 early reservations) ==> bootmem [0000000000 - 0480000000]
Jun  4 03:24:34 syslog kernel:  #0 [0000000000 - 0000001000]   BIOS data page ==> [0000000000 - 0000001000]
Jun  4 03:24:34 syslog kernel:  #1 [0000006000 - 0000008000]       TRAMPOLINE ==> [0000006000 - 0000008000]
Jun  4 03:24:34 syslog kernel:  #2 [0001000000 - 000201faa4]    TEXT DATA BSS ==> [0001000000 - 000201faa4]
Jun  4 03:24:34 syslog kernel:  #3 [0036f98000 - 0037fefc6b]          RAMDISK ==> [0036f98000 - 0037fefc6b]
Jun  4 03:24:34 syslog kernel:  #4 [000009cc00 - 0000100000]    BIOS reserved ==> [000009cc00 - 0000100000]
Jun  4 03:24:34 syslog kernel:  #5 [0002020000 - 000202070f]              BRK ==> [0002020000 - 000202070f]
Jun  4 03:24:34 syslog kernel:  #6 [0000008000 - 000000a000]          PGTABLE ==> [0000008000 - 000000a000]
Jun  4 03:24:34 syslog kernel:  #7 [0000001000 - 000000106c]        ACPI SLIT ==> [0000001000 - 000000106c]
Jun  4 03:24:34 syslog kernel: Reserving 130MB of memory at 48MB for crashkernel (System RAM: 18432MB)
Jun  4 03:24:34 syslog kernel: Zone PFN ranges:
Jun  4 03:24:34 syslog kernel:  DMA      0x00000001 -> 0x00001000
Jun  4 03:24:34 syslog kernel:  DMA32    0x00001000 -> 0x00100000
Jun  4 03:24:34 syslog kernel:  Normal   0x00100000 -> 0x00480000
Jun  4 03:24:34 syslog kernel: Movable zone start PFN for each node
Jun  4 03:24:34 syslog kernel: early_node_map[5] active PFN ranges
Jun  4 03:24:34 syslog kernel:    0: 0x00000001 -> 0x0000009c
Jun  4 03:24:34 syslog kernel:    0: 0x00000100 -> 0x0007a289
Jun  4 03:24:34 syslog kernel:    0: 0x0007bab8 -> 0x0007bae9
Jun  4 03:24:34 syslog kernel:    0: 0x0007baff -> 0x0007bb00
Jun  4 03:24:34 syslog kernel:    0: 0x00100000 -> 0x00480000
Jun  4 03:24:34 syslog kernel: ACPI: PM-Timer IO Port: 0x408
Jun  4 03:24:34 syslog kernel: Setting APIC routing to flat.
Jun  4 03:24:34 syslog kernel: ACPI: LAPIC (acpi_id[0x00] lapic_id[0x00] enabled)
Jun  4 03:24:34 syslog kernel: ACPI: LAPIC (acpi_id[0x02] lapic_id[0x02] enabled)
Jun  4 03:24:34 syslog kernel: ACPI: LAPIC (acpi_id[0x04] lapic_id[0x04] enabled)
Jun  4 03:24:34 syslog kernel: ACPI: LAPIC (acpi_id[0x06] lapic_id[0x06] enabled)
Jun  4 03:24:34 syslog kernel: ACPI: LAPIC (acpi_id[0x08] lapic_id[0x08] enabled)
Jun  4 03:24:34 syslog kernel: ACPI: LAPIC (acpi_id[0x0a] lapic_id[0x0a] enabled)
Jun  4 03:24:34 syslog kernel: ACPI: LAPIC (acpi_id[0x01] lapic_id[0x01] enabled)
Jun  4 03:24:34 syslog kernel: ACPI: LAPIC (acpi_id[0x03] lapic_id[0x03] enabled)
Jun  4 03:24:34 syslog kernel: ACPI: LAPIC (acpi_id[0x05] lapic_id[0x05] enabled)
Jun  4 03:24:34 syslog kernel: ACPI: LAPIC (acpi_id[0x07] lapic_id[0x07] enabled)
Jun  4 03:24:34 syslog kernel: ACPI: LAPIC (acpi_id[0x09] lapic_id[0x09] enabled)
Jun  4 03:24:34 syslog kernel: ACPI: LAPIC (acpi_id[0x0b] lapic_id[0x0b] enabled)
Jun  4 03:24:34 syslog kernel: ACPI: LAPIC (acpi_id[0xff] lapic_id[0xff] disabled)
Jun  4 03:24:34 syslog kernel: ACPI: LAPIC (acpi_id[0xff] lapic_id[0xff] disabled)
Jun  4 03:24:34 syslog kernel: ACPI: LAPIC (acpi_id[0xff] lapic_id[0xff] disabled)
Jun  4 03:24:34 syslog kernel: ACPI: LAPIC (acpi_id[0xff] lapic_id[0xff] disabled)
Jun  4 03:24:34 syslog kernel: ACPI: LAPIC (acpi_id[0xff] lapic_id[0xff] disabled)
Jun  4 03:24:34 syslog kernel: ACPI: LAPIC (acpi_id[0xff] lapic_id[0xff] disabled)
Jun  4 03:24:34 syslog kernel: ACPI: LAPIC (acpi_id[0xff] lapic_id[0xff] disabled)
Jun  4 03:24:34 syslog kernel: ACPI: LAPIC (acpi_id[0xff] lapic_id[0xff] disabled)
Jun  4 03:24:34 syslog kernel: ACPI: LAPIC (acpi_id[0xff] lapic_id[0xff] disabled)
Jun  4 03:24:34 syslog kernel: ACPI: LAPIC (acpi_id[0xff] lapic_id[0xff] disabled)
Jun  4 03:24:34 syslog kernel: ACPI: LAPIC (acpi_id[0xff] lapic_id[0xff] disabled)
Jun  4 03:24:34 syslog kernel: ACPI: LAPIC (acpi_id[0xff] lapic_id[0xff] disabled)
Jun  4 03:24:34 syslog kernel: ACPI: LAPIC (acpi_id[0xff] lapic_id[0xff] disabled)
Jun  4 03:24:34 syslog kernel: ACPI: LAPIC (acpi_id[0xff] lapic_id[0xff] disabled)
Jun  4 03:24:34 syslog kernel: ACPI: LAPIC (acpi_id[0xff] lapic_id[0xff] disabled)
Jun  4 03:24:34 syslog kernel: ACPI: LAPIC (acpi_id[0xff] lapic_id[0xff] disabled)
Jun  4 03:24:34 syslog kernel: ACPI: LAPIC (acpi_id[0xff] lapic_id[0xff] disabled)
Jun  4 03:24:34 syslog kernel: ACPI: LAPIC (acpi_id[0xff] lapic_id[0xff] disabled)
Jun  4 03:24:34 syslog kernel: ACPI: LAPIC (acpi_id[0xff] lapic_id[0xff] disabled)
Jun  4 03:24:34 syslog kernel: ACPI: LAPIC (acpi_id[0xff] lapic_id[0xff] disabled)
Jun  4 03:24:34 syslog kernel: ACPI: LAPIC (acpi_id[0xff] lapic_id[0xff] disabled)
Jun  4 03:24:34 syslog kernel: ACPI: LAPIC (acpi_id[0xff] lapic_id[0xff] disabled)
Jun  4 03:24:34 syslog kernel: ACPI: LAPIC (acpi_id[0xff] lapic_id[0xff] disabled)
Jun  4 03:24:34 syslog kernel: ACPI: LAPIC (acpi_id[0xff] lapic_id[0xff] disabled)
Jun  4 03:24:34 syslog kernel: ACPI: LAPIC (acpi_id[0xff] lapic_id[0xff] disabled)
Jun  4 03:24:34 syslog kernel: ACPI: LAPIC (acpi_id[0xff] lapic_id[0xff] disabled)
Jun  4 03:24:34 syslog kernel: ACPI: LAPIC (acpi_id[0xff] lapic_id[0xff] disabled)
Jun  4 03:24:34 syslog kernel: ACPI: LAPIC (acpi_id[0xff] lapic_id[0xff] disabled)
Jun  4 03:24:34 syslog kernel: ACPI: LAPIC (acpi_id[0xff] lapic_id[0xff] disabled)
Jun  4 03:24:34 syslog kernel: ACPI: LAPIC (acpi_id[0xff] lapic_id[0xff] disabled)
Jun  4 03:24:34 syslog kernel: ACPI: LAPIC (acpi_id[0xff] lapic_id[0xff] disabled)
Jun  4 03:24:34 syslog kernel: ACPI: LAPIC (acpi_id[0xff] lapic_id[0xff] disabled)
Jun  4 03:24:34 syslog kernel: ACPI: LAPIC (acpi_id[0xff] lapic_id[0xff] disabled)
Jun  4 03:24:34 syslog kernel: ACPI: LAPIC (acpi_id[0xff] lapic_id[0xff] disabled)
Jun  4 03:24:34 syslog kernel: ACPI: LAPIC (acpi_id[0xff] lapic_id[0xff] disabled)
Jun  4 03:24:34 syslog kernel: ACPI: LAPIC (acpi_id[0xff] lapic_id[0xff] disabled)
Jun  4 03:24:34 syslog kernel: ACPI: LAPIC (acpi_id[0xff] lapic_id[0xff] disabled)
Jun  4 03:24:34 syslog kernel: ACPI: LAPIC (acpi_id[0xff] lapic_id[0xff] disabled)
Jun  4 03:24:34 syslog kernel: ACPI: LAPIC (acpi_id[0xff] lapic_id[0xff] disabled)
Jun  4 03:24:34 syslog kernel: ACPI: LAPIC (acpi_id[0xff] lapic_id[0xff] disabled)
Jun  4 03:24:34 syslog kernel: ACPI: LAPIC (acpi_id[0xff] lapic_id[0xff] disabled)
Jun  4 03:24:34 syslog kernel: ACPI: LAPIC (acpi_id[0xff] lapic_id[0xff] disabled)
Jun  4 03:24:34 syslog kernel: ACPI: LAPIC (acpi_id[0xff] lapic_id[0xff] disabled)
Jun  4 03:24:34 syslog kernel: ACPI: LAPIC (acpi_id[0xff] lapic_id[0xff] disabled)
Jun  4 03:24:34 syslog kernel: ACPI: LAPIC (acpi_id[0xff] lapic_id[0xff] disabled)
Jun  4 03:24:34 syslog kernel: ACPI: LAPIC (acpi_id[0xff] lapic_id[0xff] disabled)
Jun  4 03:24:34 syslog kernel: ACPI: LAPIC (acpi_id[0xff] lapic_id[0xff] disabled)
Jun  4 03:24:34 syslog kernel: ACPI: LAPIC (acpi_id[0xff] lapic_id[0xff] disabled)
Jun  4 03:24:34 syslog kernel: ACPI: LAPIC (acpi_id[0xff] lapic_id[0xff] disabled)
Jun  4 03:24:34 syslog kernel: ACPI: LAPIC (acpi_id[0xff] lapic_id[0xff] disabled)
Jun  4 03:24:34 syslog kernel: ACPI: LAPIC (acpi_id[0xff] lapic_id[0xff] disabled)
Jun  4 03:24:34 syslog kernel: ACPI: LAPIC (acpi_id[0xff] lapic_id[0xff] disabled)
Jun  4 03:24:34 syslog kernel: ACPI: LAPIC (acpi_id[0xff] lapic_id[0xff] disabled)
Jun  4 03:24:34 syslog kernel: ACPI: LAPIC (acpi_id[0xff] lapic_id[0xff] disabled)
Jun  4 03:24:34 syslog kernel: ACPI: LAPIC (acpi_id[0xff] lapic_id[0xff] disabled)
Jun  4 03:24:34 syslog kernel: ACPI: LAPIC (acpi_id[0xff] lapic_id[0xff] disabled)
Jun  4 03:24:34 syslog kernel: ACPI: LAPIC (acpi_id[0xff] lapic_id[0xff] disabled)
Jun  4 03:24:34 syslog kernel: ACPI: LAPIC (acpi_id[0xff] lapic_id[0xff] disabled)
Jun  4 03:24:34 syslog kernel: ACPI: LAPIC (acpi_id[0xff] lapic_id[0xff] disabled)
Jun  4 03:24:34 syslog kernel: ACPI: LAPIC (acpi_id[0xff] lapic_id[0xff] disabled)
Jun  4 03:24:34 syslog kernel: ACPI: LAPIC (acpi_id[0xff] lapic_id[0xff] disabled)
Jun  4 03:24:34 syslog kernel: ACPI: LAPIC (acpi_id[0xff] lapic_id[0xff] disabled)
Jun  4 03:24:34 syslog kernel: ACPI: LAPIC (acpi_id[0xff] lapic_id[0xff] disabled)
Jun  4 03:24:34 syslog kernel: ACPI: LAPIC (acpi_id[0xff] lapic_id[0xff] disabled)
Jun  4 03:24:34 syslog kernel: ACPI: LAPIC (acpi_id[0xff] lapic_id[0xff] disabled)
Jun  4 03:24:34 syslog kernel: ACPI: LAPIC (acpi_id[0xff] lapic_id[0xff] disabled)
Jun  4 03:24:34 syslog kernel: ACPI: LAPIC (acpi_id[0xff] lapic_id[0xff] disabled)
Jun  4 03:24:34 syslog kernel: ACPI: LAPIC (acpi_id[0xff] lapic_id[0xff] disabled)
Jun  4 03:24:34 syslog kernel: ACPI: LAPIC (acpi_id[0xff] lapic_id[0xff] disabled)
Jun  4 03:24:34 syslog kernel: ACPI: LAPIC (acpi_id[0xff] lapic_id[0xff] disabled)
Jun  4 03:24:34 syslog kernel: ACPI: LAPIC (acpi_id[0xff] lapic_id[0xff] disabled)
Jun  4 03:24:34 syslog kernel: ACPI: LAPIC (acpi_id[0xff] lapic_id[0xff] disabled)
Jun  4 03:24:34 syslog kernel: ACPI: LAPIC (acpi_id[0xff] lapic_id[0xff] disabled)
Jun  4 03:24:34 syslog kernel: ACPI: LAPIC (acpi_id[0xff] lapic_id[0xff] disabled)
Jun  4 03:24:34 syslog kernel: ACPI: LAPIC (acpi_id[0xff] lapic_id[0xff] disabled)
Jun  4 03:24:34 syslog kernel: ACPI: LAPIC (acpi_id[0xff] lapic_id[0xff] disabled)
Jun  4 03:24:34 syslog kernel: ACPI: LAPIC (acpi_id[0xff] lapic_id[0xff] disabled)
Jun  4 03:24:34 syslog kernel: ACPI: LAPIC (acpi_id[0xff] lapic_id[0xff] disabled)
Jun  4 03:24:34 syslog kernel: ACPI: LAPIC (acpi_id[0xff] lapic_id[0xff] disabled)
Jun  4 03:24:34 syslog kernel: ACPI: LAPIC (acpi_id[0xff] lapic_id[0xff] disabled)
Jun  4 03:24:34 syslog kernel: ACPI: LAPIC (acpi_id[0xff] lapic_id[0xff] disabled)
Jun  4 03:24:34 syslog kernel: ACPI: LAPIC (acpi_id[0xff] lapic_id[0xff] disabled)
Jun  4 03:24:34 syslog kernel: ACPI: LAPIC (acpi_id[0xff] lapic_id[0xff] disabled)
Jun  4 03:24:34 syslog kernel: ACPI: LAPIC (acpi_id[0xff] lapic_id[0xff] disabled)
Jun  4 03:24:34 syslog kernel: ACPI: LAPIC (acpi_id[0xff] lapic_id[0xff] disabled)
Jun  4 03:24:34 syslog kernel: ACPI: LAPIC (acpi_id[0xff] lapic_id[0xff] disabled)
Jun  4 03:24:34 syslog kernel: ACPI: LAPIC (acpi_id[0xff] lapic_id[0xff] disabled)
Jun  4 03:24:34 syslog kernel: ACPI: LAPIC (acpi_id[0xff] lapic_id[0xff] disabled)
Jun  4 03:24:34 syslog kernel: ACPI: LAPIC (acpi_id[0xff] lapic_id[0xff] disabled)
Jun  4 03:24:34 syslog kernel: ACPI: LAPIC (acpi_id[0xff] lapic_id[0xff] disabled)
Jun  4 03:24:34 syslog kernel: ACPI: LAPIC (acpi_id[0xff] lapic_id[0xff] disabled)
Jun  4 03:24:34 syslog kernel: ACPI: LAPIC (acpi_id[0xff] lapic_id[0xff] disabled)
Jun  4 03:24:34 syslog kernel: ACPI: LAPIC (acpi_id[0xff] lapic_id[0xff] disabled)
Jun  4 03:24:34 syslog kernel: ACPI: LAPIC (acpi_id[0xff] lapic_id[0xff] disabled)
Jun  4 03:24:34 syslog kernel: ACPI: LAPIC (acpi_id[0xff] lapic_id[0xff] disabled)
Jun  4 03:24:34 syslog kernel: ACPI: LAPIC (acpi_id[0xff] lapic_id[0xff] disabled)
Jun  4 03:24:34 syslog kernel: ACPI: LAPIC (acpi_id[0xff] lapic_id[0xff] disabled)
Jun  4 03:24:34 syslog kernel: ACPI: LAPIC (acpi_id[0xff] lapic_id[0xff] disabled)
Jun  4 03:24:34 syslog kernel: ACPI: LAPIC (acpi_id[0xff] lapic_id[0xff] disabled)
Jun  4 03:24:34 syslog kernel: ACPI: LAPIC (acpi_id[0xff] lapic_id[0xff] disabled)
Jun  4 03:24:34 syslog kernel: ACPI: LAPIC (acpi_id[0xff] lapic_id[0xff] disabled)
Jun  4 03:24:34 syslog kernel: ACPI: LAPIC (acpi_id[0xff] lapic_id[0xff] disabled)
Jun  4 03:24:34 syslog kernel: ACPI: LAPIC (acpi_id[0xff] lapic_id[0xff] disabled)
Jun  4 03:24:34 syslog kernel: ACPI: LAPIC (acpi_id[0xff] lapic_id[0xff] disabled)
Jun  4 03:24:34 syslog kernel: ACPI: LAPIC (acpi_id[0xff] lapic_id[0xff] disabled)
Jun  4 03:24:34 syslog kernel: ACPI: LAPIC (acpi_id[0xff] lapic_id[0xff] disabled)
Jun  4 03:24:34 syslog kernel: ACPI: LAPIC (acpi_id[0xff] lapic_id[0xff] disabled)
Jun  4 03:24:34 syslog kernel: ACPI: LAPIC (acpi_id[0xff] lapic_id[0xff] disabled)
Jun  4 03:24:34 syslog kernel: ACPI: LAPIC (acpi_id[0xff] lapic_id[0xff] disabled)
Jun  4 03:24:34 syslog kernel: ACPI: LAPIC (acpi_id[0xff] lapic_id[0xff] disabled)
Jun  4 03:24:34 syslog kernel: ACPI: LAPIC (acpi_id[0xff] lapic_id[0xff] disabled)
Jun  4 03:24:34 syslog kernel: ACPI: LAPIC (acpi_id[0xff] lapic_id[0xff] disabled)
Jun  4 03:24:34 syslog kernel: ACPI: LAPIC (acpi_id[0xff] lapic_id[0xff] disabled)
Jun  4 03:24:34 syslog kernel: ACPI: LAPIC (acpi_id[0xff] lapic_id[0xff] disabled)
Jun  4 03:24:34 syslog kernel: ACPI: LAPIC (acpi_id[0xff] lapic_id[0xff] disabled)
Jun  4 03:24:34 syslog kernel: ACPI: LAPIC (acpi_id[0xff] lapic_id[0xff] disabled)
Jun  4 03:24:34 syslog kernel: ACPI: LAPIC (acpi_id[0xff] lapic_id[0xff] disabled)
Jun  4 03:24:34 syslog kernel: ACPI: LAPIC (acpi_id[0xff] lapic_id[0xff] disabled)
Jun  4 03:24:34 syslog kernel: ACPI: LAPIC (acpi_id[0xff] lapic_id[0xff] disabled)
Jun  4 03:24:34 syslog kernel: ACPI: LAPIC (acpi_id[0xff] lapic_id[0xff] disabled)
Jun  4 03:24:34 syslog kernel: ACPI: LAPIC (acpi_id[0xff] lapic_id[0xff] disabled)
Jun  4 03:24:34 syslog kernel: ACPI: LAPIC (acpi_id[0xff] lapic_id[0xff] disabled)
Jun  4 03:24:34 syslog kernel: ACPI: LAPIC (acpi_id[0xff] lapic_id[0xff] disabled)
Jun  4 03:24:34 syslog kernel: ACPI: LAPIC (acpi_id[0xff] lapic_id[0xff] disabled)
Jun  4 03:24:34 syslog kernel: ACPI: LAPIC (acpi_id[0xff] lapic_id[0xff] disabled)
Jun  4 03:24:34 syslog kernel: ACPI: LAPIC (acpi_id[0xff] lapic_id[0xff] disabled)
Jun  4 03:24:34 syslog kernel: ACPI: LAPIC (acpi_id[0xff] lapic_id[0xff] disabled)
Jun  4 03:24:34 syslog kernel: ACPI: LAPIC (acpi_id[0xff] lapic_id[0xff] disabled)
Jun  4 03:24:34 syslog kernel: ACPI: LAPIC (acpi_id[0xff] lapic_id[0xff] disabled)
Jun  4 03:24:34 syslog kernel: ACPI: LAPIC (acpi_id[0xff] lapic_id[0xff] disabled)
Jun  4 03:24:34 syslog kernel: ACPI: LAPIC (acpi_id[0xff] lapic_id[0xff] disabled)
Jun  4 03:24:34 syslog kernel: ACPI: LAPIC (acpi_id[0xff] lapic_id[0xff] disabled)
Jun  4 03:24:34 syslog kernel: ACPI: LAPIC (acpi_id[0xff] lapic_id[0xff] disabled)
Jun  4 03:24:34 syslog kernel: ACPI: LAPIC (acpi_id[0xff] lapic_id[0xff] disabled)
Jun  4 03:24:34 syslog kernel: ACPI: LAPIC (acpi_id[0xff] lapic_id[0xff] disabled)
Jun  4 03:24:34 syslog kernel: ACPI: LAPIC (acpi_id[0xff] lapic_id[0xff] disabled)
Jun  4 03:24:34 syslog kernel: ACPI: LAPIC (acpi_id[0xff] lapic_id[0xff] disabled)
Jun  4 03:24:34 syslog kernel: ACPI: LAPIC (acpi_id[0xff] lapic_id[0xff] disabled)
Jun  4 03:24:34 syslog kernel: ACPI: LAPIC (acpi_id[0xff] lapic_id[0xff] disabled)
Jun  4 03:24:34 syslog kernel: ACPI: LAPIC (acpi_id[0xff] lapic_id[0xff] disabled)
Jun  4 03:24:34 syslog kernel: ACPI: LAPIC (acpi_id[0xff] lapic_id[0xff] disabled)
Jun  4 03:24:34 syslog kernel: ACPI: LAPIC (acpi_id[0xff] lapic_id[0xff] disabled)
Jun  4 03:24:34 syslog kernel: ACPI: LAPIC (acpi_id[0xff] lapic_id[0xff] disabled)
Jun  4 03:24:34 syslog kernel: ACPI: LAPIC (acpi_id[0xff] lapic_id[0xff] disabled)
Jun  4 03:24:34 syslog kernel: ACPI: LAPIC (acpi_id[0xff] lapic_id[0xff] disabled)
Jun  4 03:24:34 syslog kernel: ACPI: LAPIC (acpi_id[0xff] lapic_id[0xff] disabled)
Jun  4 03:24:34 syslog kernel: ACPI: LAPIC (acpi_id[0xff] lapic_id[0xff] disabled)
Jun  4 03:24:34 syslog kernel: ACPI: LAPIC (acpi_id[0xff] lapic_id[0xff] disabled)
Jun  4 03:24:34 syslog kernel: ACPI: LAPIC (acpi_id[0xff] lapic_id[0xff] disabled)
Jun  4 03:24:34 syslog kernel: ACPI: LAPIC (acpi_id[0xff] lapic_id[0xff] disabled)
Jun  4 03:24:34 syslog kernel: ACPI: LAPIC (acpi_id[0xff] lapic_id[0xff] disabled)
Jun  4 03:24:34 syslog kernel: ACPI: LAPIC (acpi_id[0xff] lapic_id[0xff] disabled)
Jun  4 03:24:34 syslog kernel: ACPI: LAPIC (acpi_id[0xff] lapic_id[0xff] disabled)
Jun  4 03:24:34 syslog kernel: ACPI: LAPIC (acpi_id[0xff] lapic_id[0xff] disabled)
Jun  4 03:24:34 syslog kernel: ACPI: LAPIC (acpi_id[0xff] lapic_id[0xff] disabled)
Jun  4 03:24:34 syslog kernel: ACPI: LAPIC (acpi_id[0xff] lapic_id[0xff] disabled)
Jun  4 03:24:34 syslog kernel: ACPI: LAPIC (acpi_id[0xff] lapic_id[0xff] disabled)
Jun  4 03:24:34 syslog kernel: ACPI: LAPIC (acpi_id[0xff] lapic_id[0xff] disabled)
Jun  4 03:24:34 syslog kernel: ACPI: LAPIC (acpi_id[0xff] lapic_id[0xff] disabled)
Jun  4 03:24:34 syslog kernel: ACPI: LAPIC (acpi_id[0xff] lapic_id[0xff] disabled)
Jun  4 03:24:34 syslog kernel: ACPI: LAPIC (acpi_id[0xff] lapic_id[0xff] disabled)
Jun  4 03:24:34 syslog kernel: ACPI: LAPIC (acpi_id[0xff] lapic_id[0xff] disabled)
Jun  4 03:24:34 syslog kernel: ACPI: LAPIC (acpi_id[0xff] lapic_id[0xff] disabled)
Jun  4 03:24:34 syslog kernel: ACPI: LAPIC (acpi_id[0xff] lapic_id[0xff] disabled)
Jun  4 03:24:34 syslog kernel: ACPI: LAPIC (acpi_id[0xff] lapic_id[0xff] disabled)
Jun  4 03:24:34 syslog kernel: ACPI: LAPIC (acpi_id[0xff] lapic_id[0xff] disabled)
Jun  4 03:24:34 syslog kernel: ACPI: LAPIC (acpi_id[0xff] lapic_id[0xff] disabled)
Jun  4 03:24:34 syslog kernel: ACPI: LAPIC (acpi_id[0xff] lapic_id[0xff] disabled)
Jun  4 03:24:34 syslog kernel: ACPI: LAPIC (acpi_id[0xff] lapic_id[0xff] disabled)
Jun  4 03:24:34 syslog kernel: ACPI: LAPIC (acpi_id[0xff] lapic_id[0xff] disabled)
Jun  4 03:24:34 syslog kernel: ACPI: LAPIC (acpi_id[0xff] lapic_id[0xff] disabled)
Jun  4 03:24:34 syslog kernel: ACPI: LAPIC (acpi_id[0xff] lapic_id[0xff] disabled)
Jun  4 03:24:34 syslog kernel: ACPI: LAPIC (acpi_id[0xff] lapic_id[0xff] disabled)
Jun  4 03:24:34 syslog kernel: ACPI: LAPIC (acpi_id[0xff] lapic_id[0xff] disabled)
Jun  4 03:24:34 syslog kernel: ACPI: LAPIC (acpi_id[0xff] lapic_id[0xff] disabled)
Jun  4 03:24:34 syslog kernel: ACPI: LAPIC (acpi_id[0xff] lapic_id[0xff] disabled)
Jun  4 03:24:34 syslog kernel: ACPI: LAPIC (acpi_id[0xff] lapic_id[0xff] disabled)
Jun  4 03:24:34 syslog kernel: ACPI: LAPIC (acpi_id[0xff] lapic_id[0xff] disabled)
Jun  4 03:24:34 syslog kernel: ACPI: LAPIC (acpi_id[0xff] lapic_id[0xff] disabled)
Jun  4 03:24:34 syslog kernel: ACPI: LAPIC (acpi_id[0xff] lapic_id[0xff] disabled)
Jun  4 03:24:34 syslog kernel: ACPI: LAPIC_NMI (acpi_id[0x00] high level lint[0x1])
Jun  4 03:24:34 syslog kernel: ACPI: LAPIC_NMI (acpi_id[0x01] high level lint[0x1])
Jun  4 03:24:34 syslog kernel: ACPI: LAPIC_NMI (acpi_id[0x02] high level lint[0x1])
Jun  4 03:24:34 syslog kernel: ACPI: LAPIC_NMI (acpi_id[0x03] high level lint[0x1])
Jun  4 03:24:34 syslog kernel: ACPI: LAPIC_NMI (acpi_id[0x04] high level lint[0x1])
Jun  4 03:24:34 syslog kernel: ACPI: LAPIC_NMI (acpi_id[0x05] high level lint[0x1])
Jun  4 03:24:34 syslog kernel: ACPI: LAPIC_NMI (acpi_id[0x06] high level lint[0x1])
Jun  4 03:24:34 syslog kernel: ACPI: LAPIC_NMI (acpi_id[0x07] high level lint[0x1])
Jun  4 03:24:34 syslog kernel: ACPI: LAPIC_NMI (acpi_id[0x08] high level lint[0x1])
Jun  4 03:24:34 syslog kernel: ACPI: LAPIC_NMI (acpi_id[0x09] high level lint[0x1])
Jun  4 03:24:34 syslog kernel: ACPI: LAPIC_NMI (acpi_id[0x0a] high level lint[0x1])
Jun  4 03:24:34 syslog kernel: ACPI: LAPIC_NMI (acpi_id[0x0b] high level lint[0x1])
Jun  4 03:24:34 syslog kernel: ACPI: LAPIC_NMI (acpi_id[0x0c] high level lint[0x1])
Jun  4 03:24:34 syslog kernel: ACPI: LAPIC_NMI (acpi_id[0x0d] high level lint[0x1])
Jun  4 03:24:34 syslog kernel: ACPI: LAPIC_NMI (acpi_id[0x0e] high level lint[0x1])
Jun  4 03:24:34 syslog kernel: ACPI: LAPIC_NMI (acpi_id[0x0f] high level lint[0x1])
Jun  4 03:24:34 syslog kernel: ACPI: LAPIC_NMI (acpi_id[0x10] high level lint[0x1])
Jun  4 03:24:34 syslog kernel: ACPI: LAPIC_NMI (acpi_id[0x11] high level lint[0x1])
Jun  4 03:24:34 syslog kernel: ACPI: LAPIC_NMI (acpi_id[0x12] high level lint[0x1])
Jun  4 03:24:34 syslog kernel: ACPI: LAPIC_NMI (acpi_id[0x13] high level lint[0x1])
Jun  4 03:24:34 syslog kernel: ACPI: LAPIC_NMI (acpi_id[0x14] high level lint[0x1])
Jun  4 03:24:34 syslog kernel: ACPI: LAPIC_NMI (acpi_id[0x15] high level lint[0x1])
Jun  4 03:24:34 syslog kernel: ACPI: LAPIC_NMI (acpi_id[0x16] high level lint[0x1])
Jun  4 03:24:34 syslog kernel: ACPI: LAPIC_NMI (acpi_id[0x17] high level lint[0x1])
Jun  4 03:24:34 syslog kernel: ACPI: LAPIC_NMI (acpi_id[0x18] high level lint[0x1])
Jun  4 03:24:34 syslog kernel: ACPI: LAPIC_NMI (acpi_id[0x19] high level lint[0x1])
Jun  4 03:24:34 syslog kernel: ACPI: LAPIC_NMI (acpi_id[0x1a] high level lint[0x1])
Jun  4 03:24:34 syslog kernel: ACPI: LAPIC_NMI (acpi_id[0x1b] high level lint[0x1])
Jun  4 03:24:34 syslog kernel: ACPI: LAPIC_NMI (acpi_id[0x1c] high level lint[0x1])
Jun  4 03:24:34 syslog kernel: ACPI: LAPIC_NMI (acpi_id[0x1d] high level lint[0x1])
Jun  4 03:24:34 syslog kernel: ACPI: LAPIC_NMI (acpi_id[0x1e] high level lint[0x1])
Jun  4 03:24:34 syslog kernel: ACPI: LAPIC_NMI (acpi_id[0x1f] high level lint[0x1])
Jun  4 03:24:34 syslog kernel: ACPI: LAPIC_NMI (acpi_id[0x20] high level lint[0x1])
Jun  4 03:24:34 syslog kernel: ACPI: LAPIC_NMI (acpi_id[0x21] high level lint[0x1])
Jun  4 03:24:34 syslog kernel: ACPI: LAPIC_NMI (acpi_id[0x22] high level lint[0x1])
Jun  4 03:24:34 syslog kernel: ACPI: LAPIC_NMI (acpi_id[0x23] high level lint[0x1])
Jun  4 03:24:34 syslog kernel: ACPI: LAPIC_NMI (acpi_id[0x24] high level lint[0x1])
Jun  4 03:24:34 syslog kernel: ACPI: LAPIC_NMI (acpi_id[0x25] high level lint[0x1])
Jun  4 03:24:34 syslog kernel: ACPI: LAPIC_NMI (acpi_id[0x26] high level lint[0x1])
Jun  4 03:24:34 syslog kernel: ACPI: LAPIC_NMI (acpi_id[0x27] high level lint[0x1])
Jun  4 03:24:34 syslog kernel: ACPI: LAPIC_NMI (acpi_id[0x28] high level lint[0x1])
Jun  4 03:24:34 syslog kernel: ACPI: LAPIC_NMI (acpi_id[0x29] high level lint[0x1])
Jun  4 03:24:34 syslog kernel: ACPI: LAPIC_NMI (acpi_id[0x2a] high level lint[0x1])
Jun  4 03:24:34 syslog kernel: ACPI: LAPIC_NMI (acpi_id[0x2b] high level lint[0x1])
Jun  4 03:24:34 syslog kernel: ACPI: LAPIC_NMI (acpi_id[0x2c] high level lint[0x1])
Jun  4 03:24:34 syslog kernel: ACPI: LAPIC_NMI (acpi_id[0x2d] high level lint[0x1])
Jun  4 03:24:34 syslog kernel: ACPI: LAPIC_NMI (acpi_id[0x2e] high level lint[0x1])
Jun  4 03:24:34 syslog kernel: ACPI: LAPIC_NMI (acpi_id[0x2f] high level lint[0x1])
Jun  4 03:24:34 syslog kernel: ACPI: LAPIC_NMI (acpi_id[0x30] high level lint[0x1])
Jun  4 03:24:34 syslog kernel: ACPI: LAPIC_NMI (acpi_id[0x31] high level lint[0x1])
Jun  4 03:24:34 syslog kernel: ACPI: LAPIC_NMI (acpi_id[0x32] high level lint[0x1])
Jun  4 03:24:34 syslog kernel: ACPI: LAPIC_NMI (acpi_id[0x33] high level lint[0x1])
Jun  4 03:24:34 syslog kernel: ACPI: LAPIC_NMI (acpi_id[0x34] high level lint[0x1])
Jun  4 03:24:34 syslog kernel: ACPI: LAPIC_NMI (acpi_id[0x35] high level lint[0x1])
Jun  4 03:24:34 syslog kernel: ACPI: LAPIC_NMI (acpi_id[0x36] high level lint[0x1])
Jun  4 03:24:34 syslog kernel: ACPI: LAPIC_NMI (acpi_id[0x37] high level lint[0x1])
Jun  4 03:24:34 syslog kernel: ACPI: LAPIC_NMI (acpi_id[0x38] high level lint[0x1])
Jun  4 03:24:34 syslog kernel: ACPI: LAPIC_NMI (acpi_id[0x39] high level lint[0x1])
Jun  4 03:24:34 syslog kernel: ACPI: LAPIC_NMI (acpi_id[0x3a] high level lint[0x1])
Jun  4 03:24:34 syslog kernel: ACPI: LAPIC_NMI (acpi_id[0x3b] high level lint[0x1])
Jun  4 03:24:34 syslog kernel: ACPI: LAPIC_NMI (acpi_id[0x3c] high level lint[0x1])
Jun  4 03:24:34 syslog kernel: ACPI: LAPIC_NMI (acpi_id[0x3d] high level lint[0x1])
Jun  4 03:24:34 syslog kernel: ACPI: LAPIC_NMI (acpi_id[0x3e] high level lint[0x1])
Jun  4 03:24:34 syslog kernel: ACPI: LAPIC_NMI (acpi_id[0x3f] high level lint[0x1])
Jun  4 03:24:34 syslog kernel: ACPI: LAPIC_NMI (acpi_id[0x40] high level lint[0x1])
Jun  4 03:24:34 syslog kernel: ACPI: LAPIC_NMI (acpi_id[0x41] high level lint[0x1])
Jun  4 03:24:34 syslog kernel: ACPI: LAPIC_NMI (acpi_id[0x42] high level lint[0x1])
Jun  4 03:24:34 syslog kernel: ACPI: LAPIC_NMI (acpi_id[0x43] high level lint[0x1])
Jun  4 03:24:34 syslog kernel: ACPI: LAPIC_NMI (acpi_id[0x44] high level lint[0x1])
Jun  4 03:24:34 syslog kernel: ACPI: LAPIC_NMI (acpi_id[0x45] high level lint[0x1])
Jun  4 03:24:34 syslog kernel: ACPI: LAPIC_NMI (acpi_id[0x46] high level lint[0x1])
Jun  4 03:24:34 syslog kernel: ACPI: LAPIC_NMI (acpi_id[0x47] high level lint[0x1])
Jun  4 03:24:34 syslog kernel: ACPI: LAPIC_NMI (acpi_id[0x48] high level lint[0x1])
Jun  4 03:24:34 syslog kernel: ACPI: LAPIC_NMI (acpi_id[0x49] high level lint[0x1])
Jun  4 03:24:34 syslog kernel: ACPI: LAPIC_NMI (acpi_id[0x4a] high level lint[0x1])
Jun  4 03:24:34 syslog kernel: ACPI: LAPIC_NMI (acpi_id[0x4b] high level lint[0x1])
Jun  4 03:24:34 syslog kernel: ACPI: LAPIC_NMI (acpi_id[0x4c] high level lint[0x1])
Jun  4 03:24:34 syslog kernel: ACPI: LAPIC_NMI (acpi_id[0x4d] high level lint[0x1])
Jun  4 03:24:34 syslog kernel: ACPI: LAPIC_NMI (acpi_id[0x4e] high level lint[0x1])
Jun  4 03:24:34 syslog kernel: ACPI: LAPIC_NMI (acpi_id[0x4f] high level lint[0x1])
Jun  4 03:24:34 syslog kernel: ACPI: LAPIC_NMI (acpi_id[0x50] high level lint[0x1])
Jun  4 03:24:34 syslog kernel: ACPI: LAPIC_NMI (acpi_id[0x51] high level lint[0x1])
Jun  4 03:24:34 syslog kernel: ACPI: LAPIC_NMI (acpi_id[0x52] high level lint[0x1])
Jun  4 03:24:34 syslog kernel: ACPI: LAPIC_NMI (acpi_id[0x53] high level lint[0x1])
Jun  4 03:24:34 syslog kernel: ACPI: LAPIC_NMI (acpi_id[0x54] high level lint[0x1])
Jun  4 03:24:34 syslog kernel: ACPI: LAPIC_NMI (acpi_id[0x55] high level lint[0x1])
Jun  4 03:24:34 syslog kernel: ACPI: LAPIC_NMI (acpi_id[0x56] high level lint[0x1])
Jun  4 03:24:34 syslog kernel: ACPI: LAPIC_NMI (acpi_id[0x57] high level lint[0x1])
Jun  4 03:24:34 syslog kernel: ACPI: LAPIC_NMI (acpi_id[0x58] high level lint[0x1])
Jun  4 03:24:34 syslog kernel: ACPI: LAPIC_NMI (acpi_id[0x59] high level lint[0x1])
Jun  4 03:24:34 syslog kernel: ACPI: LAPIC_NMI (acpi_id[0x5a] high level lint[0x1])
Jun  4 03:24:34 syslog kernel: ACPI: LAPIC_NMI (acpi_id[0x5b] high level lint[0x1])
Jun  4 03:24:34 syslog kernel: ACPI: LAPIC_NMI (acpi_id[0x5c] high level lint[0x1])
Jun  4 03:24:34 syslog kernel: ACPI: LAPIC_NMI (acpi_id[0x5d] high level lint[0x1])
Jun  4 03:24:34 syslog kernel: ACPI: LAPIC_NMI (acpi_id[0x5e] high level lint[0x1])
Jun  4 03:24:34 syslog kernel: ACPI: LAPIC_NMI (acpi_id[0x5f] high level lint[0x1])
Jun  4 03:24:34 syslog kernel: ACPI: LAPIC_NMI (acpi_id[0x60] high level lint[0x1])
Jun  4 03:24:34 syslog kernel: ACPI: LAPIC_NMI (acpi_id[0x61] high level lint[0x1])
Jun  4 03:24:34 syslog kernel: ACPI: LAPIC_NMI (acpi_id[0x62] high level lint[0x1])
Jun  4 03:24:34 syslog kernel: ACPI: LAPIC_NMI (acpi_id[0x63] high level lint[0x1])
Jun  4 03:24:34 syslog kernel: ACPI: LAPIC_NMI (acpi_id[0x64] high level lint[0x1])
Jun  4 03:24:34 syslog kernel: ACPI: LAPIC_NMI (acpi_id[0x65] high level lint[0x1])
Jun  4 03:24:34 syslog kernel: ACPI: LAPIC_NMI (acpi_id[0x66] high level lint[0x1])
Jun  4 03:24:34 syslog kernel: ACPI: LAPIC_NMI (acpi_id[0x67] high level lint[0x1])
Jun  4 03:24:34 syslog kernel: ACPI: LAPIC_NMI (acpi_id[0x68] high level lint[0x1])
Jun  4 03:24:34 syslog kernel: ACPI: LAPIC_NMI (acpi_id[0x69] high level lint[0x1])
Jun  4 03:24:34 syslog kernel: ACPI: LAPIC_NMI (acpi_id[0x6a] high level lint[0x1])
Jun  4 03:24:34 syslog kernel: ACPI: LAPIC_NMI (acpi_id[0x6b] high level lint[0x1])
Jun  4 03:24:34 syslog kernel: ACPI: LAPIC_NMI (acpi_id[0x6c] high level lint[0x1])
Jun  4 03:24:34 syslog kernel: ACPI: LAPIC_NMI (acpi_id[0x6d] high level lint[0x1])
Jun  4 03:24:34 syslog kernel: ACPI: LAPIC_NMI (acpi_id[0x6e] high level lint[0x1])
Jun  4 03:24:34 syslog kernel: ACPI: LAPIC_NMI (acpi_id[0x6f] high level lint[0x1])
Jun  4 03:24:34 syslog kernel: ACPI: LAPIC_NMI (acpi_id[0x70] high level lint[0x1])
Jun  4 03:24:34 syslog kernel: ACPI: LAPIC_NMI (acpi_id[0x71] high level lint[0x1])
Jun  4 03:24:34 syslog kernel: ACPI: LAPIC_NMI (acpi_id[0x72] high level lint[0x1])
Jun  4 03:24:34 syslog kernel: ACPI: LAPIC_NMI (acpi_id[0x73] high level lint[0x1])
Jun  4 03:24:34 syslog kernel: ACPI: LAPIC_NMI (acpi_id[0x74] high level lint[0x1])
Jun  4 03:24:34 syslog kernel: ACPI: LAPIC_NMI (acpi_id[0x75] high level lint[0x1])
Jun  4 03:24:34 syslog kernel: ACPI: LAPIC_NMI (acpi_id[0x76] high level lint[0x1])
Jun  4 03:24:34 syslog kernel: ACPI: LAPIC_NMI (acpi_id[0x77] high level lint[0x1])
Jun  4 03:24:34 syslog kernel: ACPI: LAPIC_NMI (acpi_id[0x78] high level lint[0x1])
Jun  4 03:24:34 syslog kernel: ACPI: LAPIC_NMI (acpi_id[0x79] high level lint[0x1])
Jun  4 03:24:34 syslog kernel: ACPI: LAPIC_NMI (acpi_id[0x7a] high level lint[0x1])
Jun  4 03:24:34 syslog kernel: ACPI: LAPIC_NMI (acpi_id[0x7b] high level lint[0x1])
Jun  4 03:24:34 syslog kernel: ACPI: LAPIC_NMI (acpi_id[0x7c] high level lint[0x1])
Jun  4 03:24:34 syslog kernel: ACPI: LAPIC_NMI (acpi_id[0x7d] high level lint[0x1])
Jun  4 03:24:34 syslog kernel: ACPI: LAPIC_NMI (acpi_id[0x7e] high level lint[0x1])
Jun  4 03:24:34 syslog kernel: ACPI: LAPIC_NMI (acpi_id[0x7f] high level lint[0x1])
Jun  4 03:24:34 syslog kernel: ACPI: LAPIC_NMI (acpi_id[0x80] high level lint[0x1])
Jun  4 03:24:34 syslog kernel: ACPI: LAPIC_NMI (acpi_id[0x81] high level lint[0x1])
Jun  4 03:24:34 syslog kernel: ACPI: LAPIC_NMI (acpi_id[0x82] high level lint[0x1])
Jun  4 03:24:34 syslog kernel: ACPI: LAPIC_NMI (acpi_id[0x83] high level lint[0x1])
Jun  4 03:24:34 syslog kernel: ACPI: LAPIC_NMI (acpi_id[0x84] high level lint[0x1])
Jun  4 03:24:34 syslog kernel: ACPI: LAPIC_NMI (acpi_id[0x85] high level lint[0x1])
Jun  4 03:24:34 syslog kernel: ACPI: LAPIC_NMI (acpi_id[0x86] high level lint[0x1])
Jun  4 03:24:34 syslog kernel: ACPI: LAPIC_NMI (acpi_id[0x87] high level lint[0x1])
Jun  4 03:24:34 syslog kernel: ACPI: LAPIC_NMI (acpi_id[0x88] high level lint[0x1])
Jun  4 03:24:34 syslog kernel: ACPI: LAPIC_NMI (acpi_id[0x89] high level lint[0x1])
Jun  4 03:24:34 syslog kernel: ACPI: LAPIC_NMI (acpi_id[0x8a] high level lint[0x1])
Jun  4 03:24:34 syslog kernel: ACPI: LAPIC_NMI (acpi_id[0x8b] high level lint[0x1])
Jun  4 03:24:34 syslog kernel: ACPI: LAPIC_NMI (acpi_id[0x8c] high level lint[0x1])
Jun  4 03:24:34 syslog kernel: ACPI: LAPIC_NMI (acpi_id[0x8d] high level lint[0x1])
Jun  4 03:24:34 syslog kernel: ACPI: LAPIC_NMI (acpi_id[0x8e] high level lint[0x1])
Jun  4 03:24:34 syslog kernel: ACPI: LAPIC_NMI (acpi_id[0x8f] high level lint[0x1])
Jun  4 03:24:34 syslog kernel: ACPI: LAPIC_NMI (acpi_id[0x90] high level lint[0x1])
Jun  4 03:24:34 syslog kernel: ACPI: LAPIC_NMI (acpi_id[0x91] high level lint[0x1])
Jun  4 03:24:34 syslog kernel: ACPI: LAPIC_NMI (acpi_id[0x92] high level lint[0x1])
Jun  4 03:24:34 syslog kernel: ACPI: LAPIC_NMI (acpi_id[0x93] high level lint[0x1])
Jun  4 03:24:34 syslog kernel: ACPI: LAPIC_NMI (acpi_id[0x94] high level lint[0x1])
Jun  4 03:24:34 syslog kernel: ACPI: LAPIC_NMI (acpi_id[0x95] high level lint[0x1])
Jun  4 03:24:34 syslog kernel: ACPI: LAPIC_NMI (acpi_id[0x96] high level lint[0x1])
Jun  4 03:24:34 syslog kernel: ACPI: LAPIC_NMI (acpi_id[0x97] high level lint[0x1])
Jun  4 03:24:34 syslog kernel: ACPI: LAPIC_NMI (acpi_id[0x98] high level lint[0x1])
Jun  4 03:24:34 syslog kernel: ACPI: LAPIC_NMI (acpi_id[0x99] high level lint[0x1])
Jun  4 03:24:34 syslog kernel: ACPI: LAPIC_NMI (acpi_id[0x9a] high level lint[0x1])
Jun  4 03:24:34 syslog kernel: ACPI: LAPIC_NMI (acpi_id[0x9b] high level lint[0x1])
Jun  4 03:24:34 syslog kernel: ACPI: LAPIC_NMI (acpi_id[0x9c] high level lint[0x1])
Jun  4 03:24:34 syslog kernel: ACPI: LAPIC_NMI (acpi_id[0x9d] high level lint[0x1])
Jun  4 03:24:34 syslog kernel: ACPI: LAPIC_NMI (acpi_id[0x9e] high level lint[0x1])
Jun  4 03:24:34 syslog kernel: ACPI: LAPIC_NMI (acpi_id[0x9f] high level lint[0x1])
Jun  4 03:24:34 syslog kernel: ACPI: LAPIC_NMI (acpi_id[0xa0] high level lint[0x1])
Jun  4 03:24:34 syslog kernel: ACPI: LAPIC_NMI (acpi_id[0xa1] high level lint[0x1])
Jun  4 03:24:34 syslog kernel: ACPI: LAPIC_NMI (acpi_id[0xa2] high level lint[0x1])
Jun  4 03:24:34 syslog kernel: ACPI: LAPIC_NMI (acpi_id[0xa3] high level lint[0x1])
Jun  4 03:24:34 syslog kernel: ACPI: LAPIC_NMI (acpi_id[0xa4] high level lint[0x1])
Jun  4 03:24:34 syslog kernel: ACPI: LAPIC_NMI (acpi_id[0xa5] high level lint[0x1])
Jun  4 03:24:34 syslog kernel: ACPI: LAPIC_NMI (acpi_id[0xa6] high level lint[0x1])
Jun  4 03:24:34 syslog kernel: ACPI: LAPIC_NMI (acpi_id[0xa7] high level lint[0x1])
Jun  4 03:24:34 syslog kernel: ACPI: LAPIC_NMI (acpi_id[0xa8] high level lint[0x1])
Jun  4 03:24:34 syslog kernel: ACPI: LAPIC_NMI (acpi_id[0xa9] high level lint[0x1])
Jun  4 03:24:34 syslog kernel: ACPI: LAPIC_NMI (acpi_id[0xaa] high level lint[0x1])
Jun  4 03:24:34 syslog kernel: ACPI: LAPIC_NMI (acpi_id[0xab] high level lint[0x1])
Jun  4 03:24:34 syslog kernel: ACPI: LAPIC_NMI (acpi_id[0xac] high level lint[0x1])
Jun  4 03:24:34 syslog kernel: ACPI: LAPIC_NMI (acpi_id[0xad] high level lint[0x1])
Jun  4 03:24:34 syslog kernel: ACPI: LAPIC_NMI (acpi_id[0xae] high level lint[0x1])
Jun  4 03:24:34 syslog kernel: ACPI: LAPIC_NMI (acpi_id[0xaf] high level lint[0x1])
Jun  4 03:24:34 syslog kernel: ACPI: LAPIC_NMI (acpi_id[0xb0] high level lint[0x1])
Jun  4 03:24:34 syslog kernel: ACPI: LAPIC_NMI (acpi_id[0xb1] high level lint[0x1])
Jun  4 03:24:34 syslog kernel: ACPI: LAPIC_NMI (acpi_id[0xb2] high level lint[0x1])
Jun  4 03:24:34 syslog kernel: ACPI: LAPIC_NMI (acpi_id[0xb3] high level lint[0x1])
Jun  4 03:24:34 syslog kernel: ACPI: LAPIC_NMI (acpi_id[0xb4] high level lint[0x1])
Jun  4 03:24:34 syslog kernel: ACPI: LAPIC_NMI (acpi_id[0xb5] high level lint[0x1])
Jun  4 03:24:34 syslog kernel: ACPI: LAPIC_NMI (acpi_id[0xb6] high level lint[0x1])
Jun  4 03:24:34 syslog kernel: ACPI: LAPIC_NMI (acpi_id[0xb7] high level lint[0x1])
Jun  4 03:24:34 syslog kernel: ACPI: LAPIC_NMI (acpi_id[0xb8] high level lint[0x1])
Jun  4 03:24:34 syslog kernel: ACPI: LAPIC_NMI (acpi_id[0xb9] high level lint[0x1])
Jun  4 03:24:34 syslog kernel: ACPI: LAPIC_NMI (acpi_id[0xba] high level lint[0x1])
Jun  4 03:24:34 syslog kernel: ACPI: LAPIC_NMI (acpi_id[0xbb] high level lint[0x1])
Jun  4 03:24:34 syslog kernel: ACPI: LAPIC_NMI (acpi_id[0xbc] high level lint[0x1])
Jun  4 03:24:34 syslog kernel: ACPI: LAPIC_NMI (acpi_id[0xbd] high level lint[0x1])
Jun  4 03:24:34 syslog kernel: ACPI: LAPIC_NMI (acpi_id[0xbe] high level lint[0x1])
Jun  4 03:24:34 syslog kernel: ACPI: LAPIC_NMI (acpi_id[0xbf] high level lint[0x1])
Jun  4 03:24:34 syslog kernel: ACPI: IOAPIC (id[0x08] address[0xfec00000] gsi_base[0])
Jun  4 03:24:34 syslog kernel: IOAPIC[0]: apic_id 8, version 32, address 0xfec00000, GSI 0-23
Jun  4 03:24:34 syslog kernel: ACPI: IOAPIC (id[0x09] address[0xfec01000] gsi_base[24])
Jun  4 03:24:34 syslog kernel: IOAPIC[1]: apic_id 9, version 32, address 0xfec01000, GSI 24-47
Jun  4 03:24:34 syslog kernel: ACPI: INT_SRC_OVR (bus 0 bus_irq 0 global_irq 2 dfl dfl)
Jun  4 03:24:34 syslog kernel: ACPI: INT_SRC_OVR (bus 0 bus_irq 9 global_irq 9 high level)
Jun  4 03:24:34 syslog kernel: Using ACPI (MADT) for SMP configuration information
Jun  4 03:24:34 syslog kernel: ACPI: HPET id: 0x8086a701 base: 0xfed00000
Jun  4 03:24:34 syslog kernel: SMP: Allowing 192 CPUs, 180 hotplug CPUs
Jun  4 03:24:34 syslog kernel: PM: Registered nosave memory: 000000000009c000 - 00000000000a0000
Jun  4 03:24:34 syslog kernel: PM: Registered nosave memory: 00000000000a0000 - 00000000000e0000
Jun  4 03:24:34 syslog kernel: PM: Registered nosave memory: 00000000000e0000 - 0000000000100000
Jun  4 03:24:34 syslog kernel: PM: Registered nosave memory: 000000007a289000 - 000000007af0b000
Jun  4 03:24:34 syslog kernel: PM: Registered nosave memory: 000000007af0b000 - 000000007b93b000
Jun  4 03:24:34 syslog kernel: PM: Registered nosave memory: 000000007b93b000 - 000000007bab8000
Jun  4 03:24:34 syslog kernel: PM: Registered nosave memory: 000000007bae9000 - 000000007baff000
Jun  4 03:24:34 syslog kernel: PM: Registered nosave memory: 000000007bb00000 - 0000000090000000
Jun  4 03:24:34 syslog kernel: PM: Registered nosave memory: 0000000090000000 - 00000000feda8000
Jun  4 03:24:34 syslog kernel: PM: Registered nosave memory: 00000000feda8000 - 00000000fedac000
Jun  4 03:24:34 syslog kernel: PM: Registered nosave memory: 00000000fedac000 - 00000000ff310000
Jun  4 03:24:34 syslog kernel: PM: Registered nosave memory: 00000000ff310000 - 0000000100000000
Jun  4 03:24:34 syslog kernel: Allocating PCI resources starting at 90000000 (gap: 90000000:6eda8000)
Jun  4 03:24:34 syslog kernel: Booting paravirtualized kernel on bare hardware
Jun  4 03:24:34 syslog kernel: NR_CPUS:4096 nr_cpumask_bits:192 nr_cpu_ids:192 nr_node_ids:1
Jun  4 03:24:34 syslog kernel: PERCPU: Embedded 31 pages/cpu @ffff880038000000 s94872 r8192 d23912 u131072
Jun  4 03:24:34 syslog kernel: pcpu-alloc: s94872 r8192 d23912 u131072 alloc=1*2097152
Jun  4 03:24:34 syslog kernel: pcpu-alloc: [0] 000 001 002 003 004 005 006 007 008 009 010 011 012 013 014 015 
Jun  4 03:24:34 syslog kernel: pcpu-alloc: [0] 016 017 018 019 020 021 022 023 024 025 026 027 028 029 030 031 
Jun  4 03:24:34 syslog kernel: pcpu-alloc: [0] 032 033 034 035 036 037 038 039 040 041 042 043 044 045 046 047 
Jun  4 03:24:34 syslog kernel: pcpu-alloc: [0] 048 049 050 051 052 053 054 055 056 057 058 059 060 061 062 063 
Jun  4 03:24:34 syslog kernel: pcpu-alloc: [0] 064 065 066 067 068 069 070 071 072 073 074 075 076 077 078 079 
Jun  4 03:24:34 syslog kernel: pcpu-alloc: [0] 080 081 082 083 084 085 086 087 088 089 090 091 092 093 094 095 
Jun  4 03:24:34 syslog kernel: pcpu-alloc: [0] 096 097 098 099 100 101 102 103 104 105 106 107 108 109 110 111 
Jun  4 03:24:34 syslog kernel: pcpu-alloc: [0] 112 113 114 115 116 117 118 119 120 121 122 123 124 125 126 127 
Jun  4 03:24:34 syslog kernel: pcpu-alloc: [0] 128 129 130 131 132 133 134 135 136 137 138 139 140 141 142 143 
Jun  4 03:24:34 syslog kernel: pcpu-alloc: [0] 144 145 146 147 148 149 150 151 152 153 154 155 156 157 158 159 
Jun  4 03:24:34 syslog kernel: pcpu-alloc: [0] 160 161 162 163 164 165 166 167 168 169 170 171 172 173 174 175 
Jun  4 03:24:34 syslog kernel: pcpu-alloc: [0] 176 177 178 179 180 181 182 183 184 185 186 187 188 189 190 191 
Jun  4 03:24:34 syslog kernel: Built 1 zonelists in Zone order, mobility grouping on.  Total pages: 4105710
Jun  4 03:24:34 syslog kernel: Policy zone: Normal
Jun  4 03:24:34 syslog kernel: Kernel command line: ro root=/dev/mapper/vg_syslog-lv_root rd_NO_LUKS LANG=en_US.UTF-8 rd_LVM_LV=vg_syslog/lv_root rd_NO_MD SYSFONT=latarcyrheb-sun16 crashkernel=130M@0M  KEYBOARDTYPE=pc KEYTABLE=us rd_NO_DM rd_LVM_LV=vg_syslog/lv_swap rhgb quiet
Jun  4 03:24:34 syslog kernel: PID hash table entries: 4096 (order: 3, 32768 bytes)
Jun  4 03:24:34 syslog kernel: xsave/xrstor: enabled xstate_bv 0x7, cntxt size 0x340
Jun  4 03:24:34 syslog kernel: Checking aperture...
Jun  4 03:24:34 syslog kernel: No AGP bridge found
Jun  4 03:24:34 syslog kernel: dmar: Queued invalidation will be enabled to support x2apic and Intr-remapping.
Jun  4 03:24:34 syslog kernel: PCI-DMA: Using software bounce buffering for IO (SWIOTLB)
Jun  4 03:24:34 syslog kernel: Placing 64MB software IO TLB between ffff880020000000 - ffff880024000000
Jun  4 03:24:34 syslog kernel: software IO TLB at phys 0x20000000 - 0x24000000
Jun  4 03:24:34 syslog kernel: Memory: 16195160k/18874368k available (5325k kernel code, 2193064k absent, 486144k reserved, 7013k data, 1276k init)
Jun  4 03:24:34 syslog kernel: Hierarchical RCU implementation.
Jun  4 03:24:34 syslog kernel: NR_IRQS:33024 nr_irqs:2352
Jun  4 03:24:34 syslog kernel: Extended CMOS year: 2000
Jun  4 03:24:34 syslog kernel: Console: colour VGA+ 80x25
Jun  4 03:24:34 syslog kernel: console [tty0] enabled
Jun  4 03:24:34 syslog kernel: allocated 67108864 bytes of page_cgroup
Jun  4 03:24:34 syslog kernel: please try 'cgroup_disable=memory' option if you don't want memory cgroups
Jun  4 03:24:34 syslog kernel: Fast TSC calibration using PIT
Jun  4 03:24:34 syslog kernel: Detected 2400.134 MHz processor.
Jun  4 03:24:34 syslog kernel: Calibrating delay loop (skipped), value calculated using timer frequency.. 4800.26 BogoMIPS (lpj=2400134)
Jun  4 03:24:34 syslog kernel: pid_max: default: 196608 minimum: 1536
Jun  4 03:24:34 syslog kernel: Security Framework initialized
Jun  4 03:24:34 syslog kernel: SELinux:  Initializing.
Jun  4 03:24:34 syslog kernel: Dentry cache hash table entries: 2097152 (order: 12, 16777216 bytes)
Jun  4 03:24:34 syslog kernel: Inode-cache hash table entries: 1048576 (order: 11, 8388608 bytes)
Jun  4 03:24:34 syslog kernel: Mount-cache hash table entries: 256
Jun  4 03:24:34 syslog kernel: Initializing cgroup subsys ns
Jun  4 03:24:34 syslog kernel: Initializing cgroup subsys cpuacct
Jun  4 03:24:34 syslog kernel: Initializing cgroup subsys memory
Jun  4 03:24:34 syslog kernel: Initializing cgroup subsys devices
Jun  4 03:24:34 syslog kernel: Initializing cgroup subsys freezer
Jun  4 03:24:34 syslog kernel: Initializing cgroup subsys net_cls
Jun  4 03:24:34 syslog kernel: Initializing cgroup subsys blkio
Jun  4 03:24:34 syslog kernel: Initializing cgroup subsys perf_event
Jun  4 03:24:34 syslog kernel: Initializing cgroup subsys net_prio
Jun  4 03:24:34 syslog kernel: CPU: Physical Processor ID: 0
Jun  4 03:24:34 syslog kernel: CPU: Processor Core ID: 0
Jun  4 03:24:34 syslog kernel: mce: CPU supports 22 MCE banks
Jun  4 03:24:34 syslog kernel: CPU0: Thermal monitoring enabled (TM1)
Jun  4 03:24:34 syslog kernel: using mwait in idle threads.
Jun  4 03:24:34 syslog kernel: ACPI: Core revision 20090903
Jun  4 03:24:34 syslog kernel: ftrace: converting mcount calls to 0f 1f 44 00 00
Jun  4 03:24:34 syslog kernel: ftrace: allocating 21769 entries in 86 pages
Jun  4 03:24:34 syslog kernel: dmar: Host address width 46
Jun  4 03:24:34 syslog kernel: dmar: DRHD base: 0x000000fbffc000 flags: 0x1
Jun  4 03:24:34 syslog kernel: dmar: IOMMU 0: reg_base_addr fbffc000 ver 1:0 cap d2078c106f0466 ecap f020df
Jun  4 03:24:34 syslog kernel: dmar: RMRR base: 0x0000007ae07000 end: 0x0000007af06fff
Jun  4 03:24:34 syslog kernel: dmar: ATSR flags: 0x0
Jun  4 03:24:34 syslog kernel: IOAPIC id 8 under DRHD base 0xfbffc000
Jun  4 03:24:34 syslog kernel: IOAPIC id 9 under DRHD base 0xfbffc000
Jun  4 03:24:34 syslog kernel: HPET id 0 under DRHD base 0xfbffc000
Jun  4 03:24:34 syslog kernel: Your BIOS has requested that x2apic be disabled.
Jun  4 03:24:34 syslog kernel: This will leave your machine vulnerable to irq-injection attacks.
Jun  4 03:24:34 syslog kernel: Use 'intremap=no_x2apic_optout' to override BIOS request.
Jun  4 03:24:34 syslog kernel: Enabled IRQ remapping in xapic mode
Jun  4 03:24:34 syslog kernel: x2apic not enabled, IRQ remapping is in xapic mode
Jun  4 03:24:34 syslog kernel: APIC routing finalized to physical flat.
Jun  4 03:24:34 syslog kernel: ..TIMER: vector=0x30 apic1=0 pin1=2 apic2=-1 pin2=-1
Jun  4 03:24:34 syslog kernel: CPU0: Intel(R) Xeon(R) CPU E5-2620 v3 @ 2.40GHz stepping 02
Jun  4 03:24:34 syslog kernel: Performance Events: no PEBS fmt2+, generic architected perfmon, Intel PMU driver.
Jun  4 03:24:34 syslog kernel: ... version:                3
Jun  4 03:24:34 syslog kernel: ... bit width:              48
Jun  4 03:24:34 syslog kernel: ... generic registers:      4
Jun  4 03:24:34 syslog kernel: ... value mask:             0000ffffffffffff
Jun  4 03:24:34 syslog kernel: ... max period:             000000007fffffff
Jun  4 03:24:34 syslog kernel: ... fixed-purpose events:   3
Jun  4 03:24:34 syslog kernel: ... event mask:             000000070000000f
Jun  4 03:24:34 syslog kernel: NMI watchdog enabled, takes one hw-pmu counter.
Jun  4 03:24:34 syslog kernel: Booting Node   0, Processors  #1 #2 #3 #4 #5 #6 #7 #8 #9 #10 #11
Jun  4 03:24:34 syslog kernel: Brought up 12 CPUs
Jun  4 03:24:34 syslog kernel: Total of 12 processors activated (57603.21 BogoMIPS).
Jun  4 03:24:34 syslog kernel: devtmpfs: initialized
Jun  4 03:24:34 syslog kernel: PM: Registering ACPI NVS region at 7af0b000 (10682368 bytes)
Jun  4 03:24:34 syslog kernel: regulator: core version 0.5
Jun  4 03:24:34 syslog kernel: NET: Registered protocol family 16
Jun  4 03:24:34 syslog kernel: ACPI FADT declares the system doesn't support PCIe ASPM, so disable it
Jun  4 03:24:34 syslog kernel: ACPI: bus type pci registered
Jun  4 03:24:34 syslog kernel: PCI: MCFG configuration 0: base 80000000 segment 0 buses 0 - 255
Jun  4 03:24:34 syslog kernel: PCI: MCFG area at 80000000 reserved in E820
Jun  4 03:24:34 syslog kernel: PCI: Using MMCONFIG at 80000000 - 8fffffff
Jun  4 03:24:34 syslog kernel: PCI: Using configuration type 1 for base access
Jun  4 03:24:34 syslog kernel: PCI: Dell System detected, enabling pci=bfsort.
Jun  4 03:24:34 syslog kernel: bio: create slab <bio-0> at 0
Jun  4 03:24:34 syslog kernel: ACPI: BIOS _OSI(Linux) query ignored
Jun  4 03:24:34 syslog kernel: ACPI: Interpreter enabled
Jun  4 03:24:34 syslog kernel: ACPI: (supports S0 S5)
Jun  4 03:24:34 syslog kernel: ACPI: BIOS offers _GTS
Jun  4 03:24:34 syslog kernel: ACPI: If "acpi.gts=1" improves suspend, please notify linux-acpi@vger.kernel.org
Jun  4 03:24:34 syslog kernel: ACPI: Using IOAPIC for interrupt routing
Jun  4 03:24:34 syslog kernel: ACPI: No dock devices found.
Jun  4 03:24:34 syslog kernel: HEST: Table parsing has been initialized.
Jun  4 03:24:34 syslog kernel: PCI: Using host bridge windows from ACPI; if necessary, use "pci=nocrs" and report a bug
Jun  4 03:24:34 syslog kernel: ACPI: PCI Root Bridge [UNC0] (domain 0000 [bus ff])
Jun  4 03:24:34 syslog kernel: PCI host bridge to bus 0000:ff
Jun  4 03:24:34 syslog kernel: pci0000:ff: Requesting ACPI _OSC control (0x15)
Jun  4 03:24:34 syslog kernel: pci0000:ff: ACPI _OSC control (0x15) granted
Jun  4 03:24:34 syslog kernel: ACPI: PCI Root Bridge [PCI0] (domain 0000 [bus 00-fe])
Jun  4 03:24:34 syslog kernel: pci_root PNP0A08:00: host bridge window [io  0x0000-0x03bb]
Jun  4 03:24:34 syslog kernel: pci_root PNP0A08:00: host bridge window [io  0x03bc-0x03df]
Jun  4 03:24:34 syslog kernel: pci_root PNP0A08:00: host bridge window [io  0x03e0-0x0cf7]
Jun  4 03:24:34 syslog kernel: pci_root PNP0A08:00: host bridge window [io  0x1000-0xffff]
Jun  4 03:24:34 syslog kernel: pci_root PNP0A08:00: host bridge window [mem 0x000a0000-0x000bffff]
Jun  4 03:24:34 syslog kernel: pci_root PNP0A08:00: host bridge window [mem 0x90000000-0xfbffbfff]
Jun  4 03:24:34 syslog kernel: pci_root PNP0A08:00: host bridge window [mem 0x30000000000-0x33fffffffff]
Jun  4 03:24:34 syslog kernel: PCI host bridge to bus 0000:00
Jun  4 03:24:34 syslog kernel: pci_bus 0000:00: root bus resource [io  0x0000-0x03bb]
Jun  4 03:24:34 syslog kernel: pci_bus 0000:00: root bus resource [io  0x03bc-0x03df]
Jun  4 03:24:34 syslog kernel: pci_bus 0000:00: root bus resource [io  0x03e0-0x0cf7]
Jun  4 03:24:34 syslog kernel: pci_bus 0000:00: root bus resource [io  0x1000-0xffff]
Jun  4 03:24:34 syslog kernel: pci_bus 0000:00: root bus resource [mem 0x000a0000-0x000bffff]
Jun  4 03:24:34 syslog kernel: pci_bus 0000:00: root bus resource [mem 0x90000000-0xfbffbfff]
Jun  4 03:24:34 syslog kernel: pci_bus 0000:00: root bus resource [mem 0x30000000000-0x33fffffffff]
Jun  4 03:24:34 syslog kernel: pci 0000:00:01.0: PME# supported from D0 D3hot D3cold
Jun  4 03:24:34 syslog kernel: pci 0000:00:01.0: PME# disabled
Jun  4 03:24:34 syslog kernel: pci 0000:00:02.0: PME# supported from D0 D3hot D3cold
Jun  4 03:24:34 syslog kernel: pci 0000:00:02.0: PME# disabled
Jun  4 03:24:34 syslog kernel: pci 0000:00:03.0: PME# supported from D0 D3hot D3cold
Jun  4 03:24:34 syslog kernel: pci 0000:00:03.0: PME# disabled
Jun  4 03:24:34 syslog kernel: pci 0000:00:03.1: PME# supported from D0 D3hot D3cold
Jun  4 03:24:34 syslog kernel: pci 0000:00:03.1: PME# disabled
Jun  4 03:24:34 syslog kernel: pci 0000:00:11.4: PME# supported from D3hot
Jun  4 03:24:34 syslog kernel: pci 0000:00:11.4: PME# disabled
Jun  4 03:24:34 syslog kernel: pci 0000:00:16.0: PME# supported from D0 D3hot D3cold
Jun  4 03:24:34 syslog kernel: pci 0000:00:16.0: PME# disabled
Jun  4 03:24:34 syslog kernel: pci 0000:00:16.1: PME# supported from D0 D3hot D3cold
Jun  4 03:24:34 syslog kernel: pci 0000:00:16.1: PME# disabled
Jun  4 03:24:34 syslog kernel: pci 0000:00:1a.0: PME# supported from D0 D3hot D3cold
Jun  4 03:24:34 syslog kernel: pci 0000:00:1a.0: PME# disabled
Jun  4 03:24:34 syslog kernel: pci 0000:00:1c.0: PME# supported from D0 D3hot D3cold
Jun  4 03:24:34 syslog kernel: pci 0000:00:1c.0: PME# disabled
Jun  4 03:24:34 syslog kernel: pci 0000:00:1c.7: PME# supported from D0 D3hot D3cold
Jun  4 03:24:34 syslog kernel: pci 0000:00:1c.7: PME# disabled
Jun  4 03:24:34 syslog kernel: pci 0000:00:1d.0: PME# supported from D0 D3hot D3cold
Jun  4 03:24:34 syslog kernel: pci 0000:00:1d.0: PME# disabled
Jun  4 03:24:34 syslog kernel: pci 0000:00:1f.2: PME# supported from D3hot
Jun  4 03:24:34 syslog kernel: pci 0000:00:1f.2: PME# disabled
Jun  4 03:24:34 syslog kernel: pci 0000:00:01.0: PCI bridge to [bus 03-03]
Jun  4 03:24:34 syslog kernel: pci 0000:00:02.0: PCI bridge to [bus 04-04]
Jun  4 03:24:34 syslog kernel: pci 0000:02:00.0: PME# supported from D0 D3hot D3cold
Jun  4 03:24:34 syslog kernel: pci 0000:02:00.0: PME# disabled
Jun  4 03:24:34 syslog kernel: pci 0000:02:00.1: PME# supported from D0 D3hot D3cold
Jun  4 03:24:34 syslog kernel: pci 0000:02:00.1: PME# disabled
Jun  4 03:24:34 syslog kernel: pci 0000:00:03.0: PCI bridge to [bus 02-02]
Jun  4 03:24:34 syslog kernel: pci 0000:01:00.0: PME# supported from D0 D3hot D3cold
Jun  4 03:24:34 syslog kernel: pci 0000:01:00.0: PME# disabled
Jun  4 03:24:34 syslog kernel: pci 0000:01:00.1: PME# supported from D0 D3hot D3cold
Jun  4 03:24:34 syslog kernel: pci 0000:01:00.1: PME# disabled
Jun  4 03:24:34 syslog kernel: pci 0000:00:03.1: PCI bridge to [bus 01-01]
Jun  4 03:24:34 syslog kernel: pci 0000:00:1c.0: PCI bridge to [bus 05-05]
Jun  4 03:24:34 syslog kernel: pci 0000:06:00.0: PME# supported from D0 D3hot D3cold
Jun  4 03:24:34 syslog kernel: pci 0000:06:00.0: PME# disabled
Jun  4 03:24:34 syslog kernel: pci 0000:00:1c.7: PCI bridge to [bus 06-0a]
Jun  4 03:24:34 syslog kernel: pci 0000:07:00.0: PME# supported from D0 D3hot D3cold
Jun  4 03:24:34 syslog kernel: pci 0000:07:00.0: PME# disabled
Jun  4 03:24:34 syslog kernel: pci 0000:06:00.0: PCI bridge to [bus 07-0a]
Jun  4 03:24:34 syslog kernel: pci 0000:07:00.0: PCI bridge to [bus 08-09]
Jun  4 03:24:34 syslog kernel: pci 0000:08:00.0: PCI bridge to [bus 09-09]
Jun  4 03:24:34 syslog kernel: pci0000:00: Requesting ACPI _OSC control (0x15)
Jun  4 03:24:34 syslog kernel: pci0000:00: ACPI _OSC control (0x15) granted
Jun  4 03:24:34 syslog kernel: ACPI: PCI Interrupt Link [LNKA] (IRQs 3 4 5 6 7 9 10 11 12 14 *15)
Jun  4 03:24:34 syslog kernel: ACPI: PCI Interrupt Link [LNKB] (IRQs 3 4 5 6 7 9 10 11 12 *14 15)
Jun  4 03:24:34 syslog kernel: ACPI: PCI Interrupt Link [LNKC] (IRQs 3 4 5 6 7 9 10 *11 12 14 15)
Jun  4 03:24:34 syslog kernel: ACPI: PCI Interrupt Link [LNKD] (IRQs 3 4 5 *6 7 9 10 11 12 14 15)
Jun  4 03:24:34 syslog kernel: ACPI: PCI Interrupt Link [LNKE] (IRQs 3 4 5 6 7 9 10 11 12 14 15) *0, disabled.
Jun  4 03:24:34 syslog kernel: ACPI: PCI Interrupt Link [LNKF] (IRQs 3 4 5 6 7 9 10 11 12 14 15) *0, disabled.
Jun  4 03:24:34 syslog kernel: ACPI: PCI Interrupt Link [LNKG] (IRQs 3 4 5 6 7 9 10 11 12 14 15) *0, disabled.
Jun  4 03:24:34 syslog kernel: ACPI: PCI Interrupt Link [LNKH] (IRQs 3 4 5 6 7 9 10 11 12 14 15) *0, disabled.
Jun  4 03:24:34 syslog kernel: vgaarb: device added: PCI:0000:09:00.0,decodes=io+mem,owns=io+mem,locks=none
Jun  4 03:24:34 syslog kernel: vgaarb: loaded
Jun  4 03:24:34 syslog kernel: vgaarb: bridge control possible 0000:09:00.0
Jun  4 03:24:34 syslog kernel: SCSI subsystem initialized
Jun  4 03:24:34 syslog kernel: usbcore: registered new interface driver usbfs
Jun  4 03:24:34 syslog kernel: usbcore: registered new interface driver hub
Jun  4 03:24:34 syslog kernel: usbcore: registered new device driver usb
Jun  4 03:24:34 syslog kernel: PCI: Using ACPI for IRQ routing
Jun  4 03:24:34 syslog kernel: pci 0000:ff:1e.3: no compatible bridge window for [mem 0x00000010-0x0000001f pref]
Jun  4 03:24:34 syslog kernel: pci 0000:ff:1e.3: can't reserve [mem 0x00000010-0x0000001f pref]
Jun  4 03:24:34 syslog kernel: lo: Dropping TSO features since no CSUM feature.
Jun  4 03:24:34 syslog kernel: NetLabel: Initializing
Jun  4 03:24:34 syslog kernel: NetLabel:  domain hash size = 128
Jun  4 03:24:34 syslog kernel: NetLabel:  protocols = UNLABELED CIPSOv4
Jun  4 03:24:34 syslog kernel: NetLabel:  unlabeled traffic allowed by default
Jun  4 03:24:34 syslog kernel: HPET: 8 timers in total, 5 timers will be used for per-cpu timer
Jun  4 03:24:34 syslog kernel: hpet0: at MMIO 0xfed00000, IRQs 2, 8, 49, 50, 51, 52, 53, 0
Jun  4 03:24:34 syslog kernel: hpet0: 8 comparators, 64-bit 14.318180 MHz counter
Jun  4 03:24:34 syslog kernel: Switching to clocksource hpet
Jun  4 03:24:34 syslog kernel: pnp: PnP ACPI init
Jun  4 03:24:34 syslog kernel: ACPI: bus type pnp registered
Jun  4 03:24:34 syslog kernel: pnp: PnP ACPI: found 12 devices
Jun  4 03:24:34 syslog kernel: ACPI: ACPI bus type pnp unregistered
Jun  4 03:24:34 syslog kernel: system 00:08: [io  0x0500-0x053f] has been reserved
Jun  4 03:24:34 syslog kernel: system 00:08: [io  0x0400-0x047f] has been reserved
Jun  4 03:24:34 syslog kernel: system 00:08: [io  0x0540-0x057f] has been reserved
Jun  4 03:24:34 syslog kernel: system 00:08: [io  0x0600-0x061f] has been reserved
Jun  4 03:24:34 syslog kernel: system 00:08: [io  0x0ca0-0x0ca5] has been reserved
Jun  4 03:24:34 syslog kernel: system 00:08: [io  0x0880-0x0883] has been reserved
Jun  4 03:24:34 syslog kernel: system 00:08: [io  0x0800-0x081f] has been reserved
Jun  4 03:24:34 syslog kernel: system 00:08: [mem 0xfeda8000-0xfedcbfff] could not be reserved
Jun  4 03:24:34 syslog kernel: system 00:08: [mem 0xff000000-0xffffffff] could not be reserved
Jun  4 03:24:34 syslog kernel: system 00:08: [mem 0xfee00000-0xfeefffff] has been reserved
Jun  4 03:24:34 syslog kernel: system 00:08: [mem 0xfed12000-0xfed1200f] has been reserved
Jun  4 03:24:34 syslog kernel: system 00:08: [mem 0xfed12010-0xfed1201f] has been reserved
Jun  4 03:24:34 syslog kernel: system 00:08: [mem 0xfed1b000-0xfed1bfff] has been reserved
Jun  4 03:24:34 syslog kernel: system 00:0b: [io  0x0ca8] has been reserved
Jun  4 03:24:34 syslog kernel: system 00:0b: [io  0x0cac] has been reserved
Jun  4 03:24:34 syslog kernel: pci 0000:00:11.0: no compatible bridge window for [mem 0xffff0000-0xffffffff pref]
Jun  4 03:24:34 syslog kernel: pci 0000:01:00.0: no compatible bridge window for [mem 0xfffc0000-0xffffffff pref]
Jun  4 03:24:34 syslog kernel: pci 0000:01:00.1: no compatible bridge window for [mem 0xfffc0000-0xffffffff pref]
Jun  4 03:24:34 syslog kernel: pci 0000:02:00.0: no compatible bridge window for [mem 0xfffc0000-0xffffffff pref]
Jun  4 03:24:34 syslog kernel: pci 0000:02:00.1: no compatible bridge window for [mem 0xfffc0000-0xffffffff pref]
Jun  4 03:24:34 syslog kernel: pci 0000:03:00.0: no compatible bridge window for [mem 0xfff00000-0xffffffff pref]
Jun  4 03:24:34 syslog kernel: pci 0000:ff:1e.3: BAR 0: trying firmware assignment [mem 0x00000010-0x0000001f pref]
Jun  4 03:24:34 syslog kernel: pci 0000:ff:1e.3: BAR 0: [mem 0x00000010-0x0000001f pref] conflicts with reserved [mem 0x00000000-0x00000fff]
Jun  4 03:24:34 syslog kernel: pci 0000:ff:1e.3: BAR 0: can't assign mem pref (size 0x10)
Jun  4 03:24:34 syslog kernel: pci 0000:00:01.0: BAR 15: assigned [mem 0x91f00000-0x91ffffff pref]
Jun  4 03:24:34 syslog kernel: pci 0000:00:03.0: BAR 14: assigned [mem 0x92000000-0x920fffff]
Jun  4 03:24:34 syslog kernel: pci 0000:00:03.1: BAR 14: assigned [mem 0x92100000-0x921fffff]
Jun  4 03:24:34 syslog kernel: pci 0000:00:11.0: BAR 6: assigned [mem 0x91e10000-0x91e1ffff pref]
Jun  4 03:24:34 syslog kernel: pci 0000:00:1c.0: BAR 14: assigned [mem 0x92200000-0x923fffff]
Jun  4 03:24:34 syslog kernel: pci 0000:00:1c.0: BAR 15: assigned [mem 0x92400000-0x925fffff 64bit pref]
Jun  4 03:24:34 syslog kernel: pci 0000:00:1c.0: BAR 13: assigned [io  0x1000-0x1fff]
Jun  4 03:24:34 syslog kernel: pci 0000:03:00.0: BAR 6: assigned [mem 0x91f00000-0x91ffffff pref]
Jun  4 03:24:34 syslog kernel: pci 0000:00:01.0: PCI bridge to [bus 03-03]
Jun  4 03:24:34 syslog kernel: pci 0000:00:01.0: PCI bridge to [bus 03-03]
Jun  4 03:24:34 syslog kernel: pci 0000:00:01.0:   bridge window [io  0x2000-0x2fff]
Jun  4 03:24:34 syslog kernel: pci 0000:00:01.0:   bridge window [mem 0x91c00000-0x91dfffff]
Jun  4 03:24:34 syslog kernel: pci 0000:00:01.0:   bridge window [mem 0x91f00000-0x91ffffff pref]
Jun  4 03:24:34 syslog kernel: pci 0000:00:02.0: PCI bridge to [bus 04-04]
Jun  4 03:24:34 syslog kernel: pci 0000:00:02.0: PCI bridge to [bus 04-04]
Jun  4 03:24:34 syslog kernel: pci 0000:00:02.0:   bridge window [io  disabled]
Jun  4 03:24:34 syslog kernel: pci 0000:00:02.0:   bridge window [mem disabled]
Jun  4 03:24:34 syslog kernel: pci 0000:00:02.0:   bridge window [mem pref disabled]
Jun  4 03:24:34 syslog kernel: pci 0000:02:00.0: BAR 6: assigned [mem 0x91a80000-0x91abffff pref]
Jun  4 03:24:34 syslog kernel: pci 0000:02:00.1: BAR 6: assigned [mem 0x91ac0000-0x91afffff pref]
Jun  4 03:24:34 syslog kernel: pci 0000:00:03.0: PCI bridge to [bus 02-02]
Jun  4 03:24:34 syslog kernel: pci 0000:00:03.0: PCI bridge to [bus 02-02]
Jun  4 03:24:34 syslog kernel: pci 0000:00:03.0:   bridge window [io  disabled]
Jun  4 03:24:34 syslog kernel: pci 0000:00:03.0:   bridge window [mem 0x92000000-0x920fffff]
Jun  4 03:24:34 syslog kernel: pci 0000:00:03.0:   bridge window [mem 0x91a00000-0x91afffff 64bit pref]
Jun  4 03:24:34 syslog kernel: pci 0000:01:00.0: BAR 6: assigned [mem 0x91b80000-0x91bbffff pref]
Jun  4 03:24:34 syslog kernel: pci 0000:01:00.1: BAR 6: assigned [mem 0x91bc0000-0x91bfffff pref]
Jun  4 03:24:34 syslog kernel: pci 0000:00:03.1: PCI bridge to [bus 01-01]
Jun  4 03:24:34 syslog kernel: pci 0000:00:03.1: PCI bridge to [bus 01-01]
Jun  4 03:24:34 syslog kernel: pci 0000:00:03.1:   bridge window [io  disabled]
Jun  4 03:24:34 syslog kernel: pci 0000:00:03.1:   bridge window [mem 0x92100000-0x921fffff]
Jun  4 03:24:34 syslog kernel: pci 0000:00:03.1:   bridge window [mem 0x91b00000-0x91bfffff 64bit pref]
Jun  4 03:24:34 syslog kernel: pci 0000:00:1c.0: PCI bridge to [bus 05-05]
Jun  4 03:24:34 syslog kernel: pci 0000:00:1c.0: PCI bridge to [bus 05-05]
Jun  4 03:24:34 syslog kernel: pci 0000:00:1c.0:   bridge window [io  0x1000-0x1fff]
Jun  4 03:24:34 syslog kernel: pci 0000:00:1c.0:   bridge window [mem 0x92200000-0x923fffff]
Jun  4 03:24:34 syslog kernel: pci 0000:00:1c.0:   bridge window [mem 0x92400000-0x925fffff 64bit pref]
Jun  4 03:24:34 syslog kernel: pci 0000:08:00.0: PCI bridge to [bus 09-09]
Jun  4 03:24:34 syslog kernel: pci 0000:08:00.0: PCI bridge to [bus 09-09]
Jun  4 03:24:34 syslog kernel: pci 0000:08:00.0:   bridge window [io  disabled]
Jun  4 03:24:34 syslog kernel: pci 0000:08:00.0:   bridge window [mem 0x91000000-0x918fffff]
Jun  4 03:24:34 syslog kernel: pci 0000:08:00.0:   bridge window [mem 0x90000000-0x90ffffff 64bit pref]
Jun  4 03:24:34 syslog kernel: pci 0000:07:00.0: PCI bridge to [bus 08-09]
Jun  4 03:24:34 syslog kernel: pci 0000:07:00.0: PCI bridge to [bus 08-09]
Jun  4 03:24:34 syslog kernel: pci 0000:07:00.0:   bridge window [io  disabled]
Jun  4 03:24:34 syslog kernel: pci 0000:07:00.0:   bridge window [mem 0x91000000-0x918fffff]
Jun  4 03:24:34 syslog kernel: pci 0000:07:00.0:   bridge window [mem 0x90000000-0x90ffffff 64bit pref]
Jun  4 03:24:34 syslog kernel: pci 0000:06:00.0: PCI bridge to [bus 07-0a]
Jun  4 03:24:34 syslog kernel: pci 0000:06:00.0: PCI bridge to [bus 07-0a]
Jun  4 03:24:34 syslog kernel: pci 0000:06:00.0:   bridge window [io  disabled]
Jun  4 03:24:34 syslog kernel: pci 0000:06:00.0:   bridge window [mem 0x91000000-0x919fffff]
Jun  4 03:24:34 syslog kernel: pci 0000:06:00.0:   bridge window [mem 0x90000000-0x90ffffff 64bit pref]
Jun  4 03:24:34 syslog kernel: pci 0000:00:1c.7: PCI bridge to [bus 06-0a]
Jun  4 03:24:34 syslog kernel: pci 0000:00:1c.7: PCI bridge to [bus 06-0a]
Jun  4 03:24:34 syslog kernel: pci 0000:00:1c.7:   bridge window [io  disabled]
Jun  4 03:24:34 syslog kernel: pci 0000:00:1c.7:   bridge window [mem 0x91000000-0x919fffff]
Jun  4 03:24:34 syslog kernel: pci 0000:00:1c.7:   bridge window [mem 0x90000000-0x90ffffff 64bit pref]
Jun  4 03:24:34 syslog kernel: pci 0000:00:01.0: PCI INT A -> GSI 47 (level, low) -> IRQ 47
Jun  4 03:24:34 syslog kernel: pci 0000:00:02.0: PCI INT A -> GSI 47 (level, low) -> IRQ 47
Jun  4 03:24:34 syslog kernel: pci 0000:00:03.0: PCI INT A -> GSI 47 (level, low) -> IRQ 47
Jun  4 03:24:34 syslog kernel: pci 0000:00:03.1: PCI INT A -> GSI 47 (level, low) -> IRQ 47
Jun  4 03:24:34 syslog kernel: pci 0000:00:1c.0: PCI INT A -> GSI 16 (level, low) -> IRQ 16
Jun  4 03:24:34 syslog kernel: pci 0000:00:1c.7: PCI INT D -> GSI 19 (level, low) -> IRQ 19
Jun  4 03:24:34 syslog kernel: NET: Registered protocol family 2
Jun  4 03:24:34 syslog kernel: IP route cache hash table entries: 524288 (order: 10, 4194304 bytes)
Jun  4 03:24:34 syslog kernel: TCP established hash table entries: 524288 (order: 11, 8388608 bytes)
Jun  4 03:24:34 syslog kernel: TCP bind hash table entries: 65536 (order: 8, 1048576 bytes)
Jun  4 03:24:34 syslog kernel: TCP: Hash tables configured (established 524288 bind 65536)
Jun  4 03:24:34 syslog kernel: TCP reno registered
Jun  4 03:24:34 syslog kernel: NET: Registered protocol family 1
Jun  4 03:24:34 syslog kernel: pci 0000:00:1a.0: PCI INT C -> GSI 18 (level, low) -> IRQ 18
Jun  4 03:24:34 syslog kernel: pci 0000:00:1a.0: PCI INT C disabled
Jun  4 03:24:34 syslog kernel: pci 0000:00:1d.0: PCI INT C -> GSI 18 (level, low) -> IRQ 18
Jun  4 03:24:34 syslog kernel: pci 0000:00:1d.0: PCI INT C disabled
Jun  4 03:24:34 syslog kernel: Trying to unpack rootfs image as initramfs...
Jun  4 03:24:34 syslog kernel: Freeing initrd memory: 16735k freed
Jun  4 03:24:34 syslog kernel: audit: initializing netlink socket (disabled)
Jun  4 03:24:34 syslog kernel: type=2000 audit(1464981864.790:1): initialized
Jun  4 03:24:34 syslog kernel: HugeTLB registered 2 MB page size, pre-allocated 0 pages
Jun  4 03:24:34 syslog kernel: VFS: Disk quotas dquot_6.5.2
Jun  4 03:24:34 syslog kernel: Dquot-cache hash table entries: 512 (order 0, 4096 bytes)
Jun  4 03:24:34 syslog kernel: msgmni has been set to 31663
Jun  4 03:24:34 syslog kernel: alg: No test for stdrng (krng)
Jun  4 03:24:34 syslog kernel: ksign: Installing public key data
Jun  4 03:24:34 syslog kernel: Loading keyring
Jun  4 03:24:34 syslog kernel: - Added public key 8A44323FB303E068
Jun  4 03:24:34 syslog kernel: - User ID: CentOS (Kernel Module GPG key)
Jun  4 03:24:34 syslog kernel: Block layer SCSI generic (bsg) driver version 0.4 loaded (major 251)
Jun  4 03:24:34 syslog kernel: io scheduler noop registered
Jun  4 03:24:34 syslog kernel: io scheduler anticipatory registered
Jun  4 03:24:34 syslog kernel: io scheduler deadline registered
Jun  4 03:24:34 syslog kernel: io scheduler cfq registered (default)
Jun  4 03:24:34 syslog kernel: pci_hotplug: PCI Hot Plug PCI Core version: 0.5
Jun  4 03:24:34 syslog kernel: pciehp: PCI Express Hot Plug Controller Driver version: 0.4
Jun  4 03:24:34 syslog kernel: acpiphp: ACPI Hot Plug PCI Controller Driver version: 0.5
Jun  4 03:24:34 syslog kernel: ipmi message handler version 39.2
Jun  4 03:24:34 syslog kernel: IPMI System Interface driver.
Jun  4 03:24:34 syslog kernel: ipmi_si: probing via SMBIOS
Jun  4 03:24:34 syslog kernel: ipmi_si: SMBIOS: io 0xca8 regsize 1 spacing 4 irq 10
Jun  4 03:24:34 syslog kernel: ipmi_si: Adding SMBIOS-specified kcs state machine
Jun  4 03:24:34 syslog kernel: ipmi_si: Trying SMBIOS-specified kcs state machine at i/o address 0xca8, slave address 0x20, irq 10
Jun  4 03:24:34 syslog kernel: IRQ 10/ipmi_si: IRQF_DISABLED is not guaranteed on shared IRQs
Jun  4 03:24:34 syslog kernel: ipmi_si ipmi_si.0: Using irq 10
Jun  4 03:24:34 syslog kernel: ipmi_si ipmi_si.0: Could not enable interrupts, failed set, using polled mode.
Jun  4 03:24:34 syslog kernel: ipmi_si ipmi_si.0: Found new BMC (man_id: 0x0002a2, prod_id: 0x0100, dev_id: 0x20)
Jun  4 03:24:34 syslog kernel: ipmi_si ipmi_si.0: IPMI kcs interface initialized
Jun  4 03:24:34 syslog kernel: input: Power Button as /devices/LNXSYSTM:00/LNXPWRBN:00/input/input0
Jun  4 03:24:34 syslog kernel: ACPI: Power Button [PWRF]
Jun  4 03:24:34 syslog kernel: ERST: Error Record Serialization Table (ERST) support is initialized.
Jun  4 03:24:34 syslog kernel: GHES: APEI firmware first mode is enabled by APEI bit and WHEA _OSC.
Jun  4 03:24:34 syslog kernel: Non-volatile memory driver v1.3
Jun  4 03:24:34 syslog kernel: Linux agpgart interface v0.103
Jun  4 03:24:34 syslog kernel: crash memory driver: version 1.1
Jun  4 03:24:34 syslog kernel: Serial: 8250/16550 driver, 4 ports, IRQ sharing enabled
Jun  4 03:24:34 syslog kernel: serial8250: ttyS0 at I/O 0x3f8 (irq = 4) is a 16550A
Jun  4 03:24:34 syslog kernel: serial8250: ttyS1 at I/O 0x2f8 (irq = 3) is a 16550A
Jun  4 03:24:34 syslog kernel: 00:09: ttyS1 at I/O 0x2f8 (irq = 3) is a 16550A
Jun  4 03:24:34 syslog kernel: 00:0a: ttyS0 at I/O 0x3f8 (irq = 4) is a 16550A
Jun  4 03:24:34 syslog kernel: brd: module loaded
Jun  4 03:24:34 syslog kernel: loop: module loaded
Jun  4 03:24:34 syslog kernel: input: Macintosh mouse button emulation as /devices/virtual/input/input1
Jun  4 03:24:34 syslog kernel: Fixed MDIO Bus: probed
Jun  4 03:24:34 syslog kernel: ehci_hcd: USB 2.0 'Enhanced' Host Controller (EHCI) Driver
Jun  4 03:24:34 syslog kernel: ehci_hcd 0000:00:1a.0: PCI INT C -> GSI 18 (level, low) -> IRQ 18
Jun  4 03:24:34 syslog kernel: ehci_hcd 0000:00:1a.0: EHCI Host Controller
Jun  4 03:24:34 syslog kernel: ehci_hcd 0000:00:1a.0: new USB bus registered, assigned bus number 1
Jun  4 03:24:34 syslog kernel: ehci_hcd 0000:00:1a.0: debug port 2
Jun  4 03:24:34 syslog kernel: ehci_hcd 0000:00:1a.0: irq 18, io mem 0x91e03000
Jun  4 03:24:34 syslog kernel: ehci_hcd 0000:00:1a.0: USB 2.0 started, EHCI 1.00
Jun  4 03:24:34 syslog kernel: usb usb1: New USB device found, idVendor=1d6b, idProduct=0002
Jun  4 03:24:34 syslog kernel: usb usb1: New USB device strings: Mfr=3, Product=2, SerialNumber=1
Jun  4 03:24:34 syslog kernel: usb usb1: Product: EHCI Host Controller
Jun  4 03:24:34 syslog kernel: usb usb1: Manufacturer: Linux 2.6.32-431.el6.x86_64 ehci_hcd
Jun  4 03:24:34 syslog kernel: usb usb1: SerialNumber: 0000:00:1a.0
Jun  4 03:24:34 syslog kernel: usb usb1: configuration #1 chosen from 1 choice
Jun  4 03:24:34 syslog kernel: hub 1-0:1.0: USB hub found
Jun  4 03:24:34 syslog kernel: hub 1-0:1.0: 2 ports detected
Jun  4 03:24:34 syslog kernel: ehci_hcd 0000:00:1d.0: PCI INT C -> GSI 18 (level, low) -> IRQ 18
Jun  4 03:24:34 syslog kernel: ehci_hcd 0000:00:1d.0: EHCI Host Controller
Jun  4 03:24:34 syslog kernel: ehci_hcd 0000:00:1d.0: new USB bus registered, assigned bus number 2
Jun  4 03:24:34 syslog kernel: ehci_hcd 0000:00:1d.0: debug port 2
Jun  4 03:24:34 syslog kernel: ehci_hcd 0000:00:1d.0: irq 18, io mem 0x91e02000
Jun  4 03:24:34 syslog kernel: ehci_hcd 0000:00:1d.0: USB 2.0 started, EHCI 1.00
Jun  4 03:24:34 syslog kernel: usb usb2: New USB device found, idVendor=1d6b, idProduct=0002
Jun  4 03:24:34 syslog kernel: usb usb2: New USB device strings: Mfr=3, Product=2, SerialNumber=1
Jun  4 03:24:34 syslog kernel: usb usb2: Product: EHCI Host Controller
Jun  4 03:24:34 syslog kernel: usb usb2: Manufacturer: Linux 2.6.32-431.el6.x86_64 ehci_hcd
Jun  4 03:24:34 syslog kernel: usb usb2: SerialNumber: 0000:00:1d.0
Jun  4 03:24:34 syslog kernel: usb usb2: configuration #1 chosen from 1 choice
Jun  4 03:24:34 syslog kernel: hub 2-0:1.0: USB hub found
Jun  4 03:24:34 syslog kernel: hub 2-0:1.0: 2 ports detected
Jun  4 03:24:34 syslog kernel: ohci_hcd: USB 1.1 'Open' Host Controller (OHCI) Driver
Jun  4 03:24:34 syslog kernel: uhci_hcd: USB Universal Host Controller Interface driver
Jun  4 03:24:34 syslog kernel: PNP: No PS/2 controller found. Probing ports directly.
Jun  4 03:24:34 syslog kernel: mice: PS/2 mouse device common for all mice
Jun  4 03:24:34 syslog kernel: rtc_cmos 00:04: RTC can wake from S4
Jun  4 03:24:34 syslog kernel: rtc_cmos 00:04: rtc core: registered rtc_cmos as rtc0
Jun  4 03:24:34 syslog kernel: rtc0: alarms up to one month, y3k, 114 bytes nvram, hpet irqs
Jun  4 03:24:34 syslog kernel: cpuidle: using governor ladder
Jun  4 03:24:34 syslog kernel: cpuidle: using governor menu
Jun  4 03:24:34 syslog kernel: EFI Variables Facility v0.08 2004-May-17
Jun  4 03:24:34 syslog kernel: usbcore: registered new interface driver hiddev
Jun  4 03:24:34 syslog kernel: usbcore: registered new interface driver usbhid
Jun  4 03:24:34 syslog kernel: usbhid: v2.6:USB HID core driver
Jun  4 03:24:34 syslog kernel: GRE over IPv4 demultiplexor driver
Jun  4 03:24:34 syslog kernel: TCP cubic registered
Jun  4 03:24:34 syslog kernel: Initializing XFRM netlink socket
Jun  4 03:24:34 syslog kernel: NET: Registered protocol family 17
Jun  4 03:24:34 syslog kernel: registered taskstats version 1
Jun  4 03:24:34 syslog kernel: rtc_cmos 00:04: setting system clock to 2016-06-03 19:24:26 UTC (1464981866)
Jun  4 03:24:34 syslog kernel: Initalizing network drop monitor service
Jun  4 03:24:34 syslog kernel: Freeing unused kernel memory: 1276k freed
Jun  4 03:24:34 syslog kernel: Write protecting the kernel read-only data: 10240k
Jun  4 03:24:34 syslog kernel: Freeing unused kernel memory: 800k freed
Jun  4 03:24:34 syslog kernel: Freeing unused kernel memory: 1588k freed
Jun  4 03:24:34 syslog kernel: dracut: dracut-004-335.el6
Jun  4 03:24:34 syslog kernel: dracut: rd_NO_LUKS: removing cryptoluks activation
Jun  4 03:24:34 syslog kernel: device-mapper: uevent: version 1.0.3
Jun  4 03:24:34 syslog kernel: device-mapper: ioctl: 4.24.6-ioctl (2013-01-15) initialised: dm-devel@redhat.com
Jun  4 03:24:34 syslog kernel: udev: starting version 147
Jun  4 03:24:34 syslog kernel: dracut: Starting plymouth daemon
Jun  4 03:24:34 syslog kernel: dracut: rd_NO_DM: removing DM RAID activation
Jun  4 03:24:34 syslog kernel: dracut: rd_NO_MD: removing MD RAID activation
Jun  4 03:24:34 syslog kernel: ACPI: WMI: Mapper loaded
Jun  4 03:24:34 syslog kernel: megasas: 06.700.06.00-rh1 Sat. Aug. 31 17:00:00 PDT 2013
Jun  4 03:24:34 syslog kernel: megasas: 0x1000:0x005d:0x1028:0x1f49: bus 3:slot 0:func 0
Jun  4 03:24:34 syslog kernel: megaraid_sas 0000:03:00.0: PCI INT A -> GSI 26 (level, low) -> IRQ 26
Jun  4 03:24:34 syslog kernel: megasas: FW now in Ready state
Jun  4 03:24:34 syslog kernel: megaraid_sas 0000:03:00.0: [scsi0]: FW supports<96> MSIX vector,Online CPUs: <12>,Current MSIX <12>
Jun  4 03:24:34 syslog kernel: megasas:IOC Init cmd success
Jun  4 03:24:34 syslog kernel: megasas: INIT adapter done
Jun  4 03:24:34 syslog kernel: megaraid_sas 0000:03:00.0: Controller type: MR,Memory size is: 1024MB
Jun  4 03:24:34 syslog kernel: megaraid_sas 0000:03:00.0: FW supports: UnevenSpanSupport=1
Jun  4 03:24:34 syslog kernel: megasas:span 0 rowDataSize 3
Jun  4 03:24:34 syslog kernel: scsi0 : LSI SAS based MegaRAID driver
Jun  4 03:24:34 syslog kernel: megasas:span 0 rowDataSize 3
Jun  4 03:24:34 syslog kernel: scsi 0:0:0:0: Direct-Access     DELL     PERC H730 Mini   4.26 PQ: 0 ANSI: 5
Jun  4 03:24:34 syslog kernel: scsi 0:2:0:0: Direct-Access     DELL     PERC H730 Mini   4.26 PQ: 0 ANSI: 5
Jun  4 03:24:34 syslog kernel: usb 1-1: new high speed USB device number 2 using ehci_hcd
Jun  4 03:24:34 syslog kernel: ahci 0000:00:11.4: PCI INT A -> GSI 16 (level, low) -> IRQ 16
Jun  4 03:24:34 syslog kernel: ahci: SSS flag set, parallel bus scan disabled
Jun  4 03:24:34 syslog kernel: ahci 0000:00:11.4: AHCI 0001.0300 32 slots 4 ports 6 Gbps 0xf impl SATA mode
Jun  4 03:24:34 syslog kernel: ahci 0000:00:11.4: flags: 64bit ncq stag led clo pio slum part ems apst 
Jun  4 03:24:34 syslog kernel: scsi1 : ahci
Jun  4 03:24:34 syslog kernel: scsi2 : ahci
Jun  4 03:24:34 syslog kernel: scsi3 : ahci
Jun  4 03:24:34 syslog kernel: scsi4 : ahci
Jun  4 03:24:34 syslog kernel: ata1: SATA max UDMA/133 abar m2048@0x91e01000 port 0x91e01100 irq 72
Jun  4 03:24:34 syslog kernel: ata2: SATA max UDMA/133 abar m2048@0x91e01000 port 0x91e01180 irq 72
Jun  4 03:24:34 syslog kernel: ata3: SATA max UDMA/133 abar m2048@0x91e01000 port 0x91e01200 irq 72
Jun  4 03:24:34 syslog kernel: ata4: SATA max UDMA/133 abar m2048@0x91e01000 port 0x91e01280 irq 72
Jun  4 03:24:34 syslog kernel: ahci 0000:00:1f.2: PCI INT A -> GSI 16 (level, low) -> IRQ 16
Jun  4 03:24:34 syslog kernel: ahci: SSS flag set, parallel bus scan disabled
Jun  4 03:24:34 syslog kernel: ahci 0000:00:1f.2: AHCI 0001.0300 32 slots 6 ports 6 Gbps 0x3f impl SATA mode
Jun  4 03:24:34 syslog kernel: ahci 0000:00:1f.2: flags: 64bit ncq stag led clo pio slum part ems apst 
Jun  4 03:24:34 syslog kernel: scsi5 : ahci
Jun  4 03:24:34 syslog kernel: scsi6 : ahci
Jun  4 03:24:34 syslog kernel: scsi7 : ahci
Jun  4 03:24:34 syslog kernel: scsi8 : ahci
Jun  4 03:24:34 syslog kernel: scsi9 : ahci
Jun  4 03:24:34 syslog kernel: scsi10 : ahci
Jun  4 03:24:34 syslog kernel: ata5: SATA max UDMA/133 abar m2048@0x91e00000 port 0x91e00100 irq 73
Jun  4 03:24:34 syslog kernel: ata6: SATA max UDMA/133 abar m2048@0x91e00000 port 0x91e00180 irq 73
Jun  4 03:24:34 syslog kernel: ata7: SATA max UDMA/133 abar m2048@0x91e00000 port 0x91e00200 irq 73
Jun  4 03:24:34 syslog kernel: ata8: SATA max UDMA/133 abar m2048@0x91e00000 port 0x91e00280 irq 73
Jun  4 03:24:34 syslog kernel: ata9: SATA max UDMA/133 abar m2048@0x91e00000 port 0x91e00300 irq 73
Jun  4 03:24:34 syslog kernel: ata10: SATA max UDMA/133 irq_stat 0x00400040, connection status changed irq 73
Jun  4 03:24:34 syslog kernel: Refined TSC clocksource calibration: 2399.997 MHz.
Jun  4 03:24:34 syslog kernel: Switching to clocksource tsc
Jun  4 03:24:34 syslog kernel: usb 1-1: New USB device found, idVendor=8087, idProduct=800a
Jun  4 03:24:34 syslog kernel: usb 1-1: New USB device strings: Mfr=0, Product=0, SerialNumber=0
Jun  4 03:24:34 syslog kernel: usb 1-1: configuration #1 chosen from 1 choice
Jun  4 03:24:34 syslog kernel: hub 1-1:1.0: USB hub found
Jun  4 03:24:34 syslog kernel: hub 1-1:1.0: 6 ports detected
Jun  4 03:24:34 syslog kernel: usb 2-1: new high speed USB device number 2 using ehci_hcd
Jun  4 03:24:34 syslog kernel: ata1: SATA link down (SStatus 0 SControl 300)
Jun  4 03:24:34 syslog kernel: ata5: SATA link down (SStatus 0 SControl 300)
Jun  4 03:24:34 syslog kernel: usb 2-1: New USB device found, idVendor=8087, idProduct=8002
Jun  4 03:24:34 syslog kernel: usb 2-1: New USB device strings: Mfr=0, Product=0, SerialNumber=0
Jun  4 03:24:34 syslog kernel: usb 2-1: configuration #1 chosen from 1 choice
Jun  4 03:24:34 syslog kernel: hub 2-1:1.0: USB hub found
Jun  4 03:24:34 syslog kernel: hub 2-1:1.0: 8 ports detected
Jun  4 03:24:34 syslog kernel: usb 1-1.1: new low speed USB device number 3 using ehci_hcd
Jun  4 03:24:34 syslog kernel: usb 1-1.1: New USB device found, idVendor=046d, idProduct=c077
Jun  4 03:24:34 syslog kernel: usb 1-1.1: New USB device strings: Mfr=1, Product=2, SerialNumber=0
Jun  4 03:24:34 syslog kernel: usb 1-1.1: Product: USB Optical Mouse
Jun  4 03:24:34 syslog kernel: usb 1-1.1: Manufacturer: Logitech
Jun  4 03:24:34 syslog kernel: usb 1-1.1: configuration #1 chosen from 1 choice
Jun  4 03:24:34 syslog kernel: input: Logitech USB Optical Mouse as /devices/pci0000:00/0000:00:1a.0/usb1/1-1/1-1.1/1-1.1:1.0/input/input2
Jun  4 03:24:34 syslog kernel: generic-usb 0003:046D:C077.0001: input,hidraw0: USB HID v1.11 Mouse [Logitech USB Optical Mouse] on usb-0000:00:1a.0-1.1/input0
Jun  4 03:24:34 syslog kernel: usb 1-1.5: new low speed USB device number 4 using ehci_hcd
Jun  4 03:24:34 syslog kernel: ata2: SATA link down (SStatus 0 SControl 300)
Jun  4 03:24:34 syslog kernel: usb 1-1.5: New USB device found, idVendor=413c, idProduct=2107
Jun  4 03:24:34 syslog kernel: usb 1-1.5: New USB device strings: Mfr=1, Product=2, SerialNumber=0
Jun  4 03:24:34 syslog kernel: usb 1-1.5: Product: Dell USB Entry Keyboard
Jun  4 03:24:34 syslog kernel: usb 1-1.5: Manufacturer: DELL
Jun  4 03:24:34 syslog kernel: usb 1-1.5: configuration #1 chosen from 1 choice
Jun  4 03:24:34 syslog kernel: input: DELL Dell USB Entry Keyboard as /devices/pci0000:00/0000:00:1a.0/usb1/1-1/1-1.5/1-1.5:1.0/input/input3
Jun  4 03:24:34 syslog kernel: generic-usb 0003:413C:2107.0002: input,hidraw1: USB HID v1.11 Keyboard [DELL Dell USB Entry Keyboard] on usb-0000:00:1a.0-1.5/input0
Jun  4 03:24:34 syslog kernel: usb 1-1.6: new high speed USB device number 5 using ehci_hcd
Jun  4 03:24:34 syslog kernel: usb 1-1.6: New USB device found, idVendor=413c, idProduct=a001
Jun  4 03:24:34 syslog kernel: usb 1-1.6: New USB device strings: Mfr=1, Product=2, SerialNumber=3
Jun  4 03:24:34 syslog kernel: usb 1-1.6: Product: Gadget USB HUB
Jun  4 03:24:34 syslog kernel: usb 1-1.6: Manufacturer: no manufacturer
Jun  4 03:24:34 syslog kernel: usb 1-1.6: SerialNumber: 0123456789
Jun  4 03:24:34 syslog kernel: usb 1-1.6: configuration #1 chosen from 1 choice
Jun  4 03:24:34 syslog kernel: hub 1-1.6:1.0: USB hub found
Jun  4 03:24:34 syslog kernel: hub 1-1.6:1.0: 6 ports detected
Jun  4 03:24:34 syslog kernel: ata3: SATA link down (SStatus 0 SControl 300)
Jun  4 03:24:34 syslog kernel: ata4: SATA link down (SStatus 0 SControl 300)
Jun  4 03:24:34 syslog kernel: ata6: SATA link down (SStatus 0 SControl 300)
Jun  4 03:24:34 syslog kernel: ata7: SATA link down (SStatus 0 SControl 300)
Jun  4 03:24:34 syslog kernel: ata8: SATA link down (SStatus 0 SControl 300)
Jun  4 03:24:34 syslog kernel: ata9: SATA link down (SStatus 0 SControl 300)
Jun  4 03:24:34 syslog kernel: ata10: SATA link up 1.5 Gbps (SStatus 113 SControl 300)
Jun  4 03:24:34 syslog kernel: ata10.00: ATAPI: PLDS DVD+/-RW DU-8A5LH, DD51, max UDMA/133, ATAPI AN
Jun  4 03:24:34 syslog kernel: ata10.00: configured for UDMA/133
Jun  4 03:24:34 syslog kernel: scsi 10:0:0:0: CD-ROM            PLDS     DVD+-RW DU-8A5LH DD51 PQ: 0 ANSI: 5
Jun  4 03:24:34 syslog kernel: sd 0:2:0:0: [sda] 1754529792 512-byte logical blocks: (898 GB/836 GiB)
Jun  4 03:24:34 syslog kernel: sd 0:2:0:0: [sda] Write Protect is off
Jun  4 03:24:34 syslog kernel: sd 0:2:0:0: [sda] Write cache: disabled, read cache: enabled, doesn't support DPO or FUA
Jun  4 03:24:34 syslog kernel: sda: sda1 sda2
Jun  4 03:24:34 syslog kernel: sd 0:2:0:0: [sda] Attached SCSI disk
Jun  4 03:24:34 syslog kernel: sr0: scsi3-mmc drive: 24x/24x writer dvd-ram cd/rw xa/form2 cdda tray
Jun  4 03:24:34 syslog kernel: Uniform CD-ROM driver Revision: 3.20
Jun  4 03:24:34 syslog kernel: dracut: Scanning devices sda2  for LVM logical volumes vg_syslog/lv_root vg_syslog/lv_swap 
Jun  4 03:24:34 syslog kernel: dracut: inactive '/dev/vg_syslog/lv_root' [730.68 GiB] inherit
Jun  4 03:24:34 syslog kernel: dracut: inactive '/dev/vg_syslog/lv_swap' [7.80 GiB] inherit
Jun  4 03:24:34 syslog kernel: dracut: inactive '/dev/vg_syslog/lv_home' [97.66 GiB] inherit
Jun  4 03:24:34 syslog kernel: EXT4-fs (dm-0): mounted filesystem with ordered data mode. Opts: 
Jun  4 03:24:34 syslog kernel: dracut: Mounted root filesystem /dev/mapper/vg_syslog-lv_root
Jun  4 03:24:34 syslog kernel: dracut: Loading SELinux policy
Jun  4 03:24:34 syslog kernel: type=1404 audit(1464981870.563:2): enforcing=1 old_enforcing=0 auid=4294967295 ses=4294967295
Jun  4 03:24:34 syslog kernel: type=1403 audit(1464981870.886:3): policy loaded auid=4294967295 ses=4294967295
Jun  4 03:24:34 syslog kernel: dracut: 
Jun  4 03:24:34 syslog kernel: dracut: Switching root
Jun  4 03:24:34 syslog kernel: udev: starting version 147
Jun  4 03:24:34 syslog kernel: sd 0:2:0:0: Attached scsi generic sg0 type 0
Jun  4 03:24:34 syslog kernel: sr 10:0:0:0: Attached scsi generic sg1 type 5
Jun  4 03:24:34 syslog kernel: pps_core: LinuxPPS API ver. 1 registered
Jun  4 03:24:34 syslog kernel: pps_core: Software ver. 5.3.6 - Copyright 2005-2007 Rodolfo Giometti <giometti@linux.it>
Jun  4 03:24:34 syslog kernel: PTP clock support registered
Jun  4 03:24:34 syslog kernel: tg3.c:v3.132 (May 21, 2013)
Jun  4 03:24:34 syslog kernel: tg3 0000:01:00.0: PCI INT A -> GSI 41 (level, low) -> IRQ 41
Jun  4 03:24:34 syslog kernel: tg3 0000:01:00.0: eth0: Tigon3 [partno(BCM95720) rev 5720000] (PCI Express) MAC address 14:18:77:6d:01:bc
Jun  4 03:24:34 syslog kernel: tg3 0000:01:00.0: eth0: attached PHY is 5720C (10/100/1000Base-T Ethernet) (WireSpeed[1], EEE[1])
Jun  4 03:24:34 syslog kernel: tg3 0000:01:00.0: eth0: RXcsums[1] LinkChgREG[0] MIirq[0] ASF[1] TSOcap[1]
Jun  4 03:24:34 syslog kernel: tg3 0000:01:00.0: eth0: dma_rwctrl[00000001] dma_mask[64-bit]
Jun  4 03:24:34 syslog kernel: tg3 0000:01:00.1: PCI INT B -> GSI 45 (level, low) -> IRQ 45
Jun  4 03:24:34 syslog kernel: tg3 0000:01:00.1: eth1: Tigon3 [partno(BCM95720) rev 5720000] (PCI Express) MAC address 14:18:77:6d:01:bd
Jun  4 03:24:34 syslog kernel: tg3 0000:01:00.1: eth1: attached PHY is 5720C (10/100/1000Base-T Ethernet) (WireSpeed[1], EEE[1])
Jun  4 03:24:34 syslog kernel: tg3 0000:01:00.1: eth1: RXcsums[1] LinkChgREG[0] MIirq[0] ASF[1] TSOcap[1]
Jun  4 03:24:34 syslog kernel: tg3 0000:01:00.1: eth1: dma_rwctrl[00000001] dma_mask[64-bit]
Jun  4 03:24:34 syslog kernel: tg3 0000:02:00.0: PCI INT A -> GSI 40 (level, low) -> IRQ 40
Jun  4 03:24:34 syslog kernel: tg3 0000:02:00.0: eth2: Tigon3 [partno(BCM95720) rev 5720000] (PCI Express) MAC address 14:18:77:6d:01:be
Jun  4 03:24:34 syslog kernel: tg3 0000:02:00.0: eth2: attached PHY is 5720C (10/100/1000Base-T Ethernet) (WireSpeed[1], EEE[1])
Jun  4 03:24:34 syslog kernel: tg3 0000:02:00.0: eth2: RXcsums[1] LinkChgREG[0] MIirq[0] ASF[1] TSOcap[1]
Jun  4 03:24:34 syslog kernel: tg3 0000:02:00.0: eth2: dma_rwctrl[00000001] dma_mask[64-bit]
Jun  4 03:24:34 syslog kernel: tg3 0000:02:00.1: PCI INT B -> GSI 44 (level, low) -> IRQ 44
Jun  4 03:24:34 syslog kernel: tg3 0000:02:00.1: eth3: Tigon3 [partno(BCM95720) rev 5720000] (PCI Express) MAC address 14:18:77:6d:01:bf
Jun  4 03:24:34 syslog kernel: tg3 0000:02:00.1: eth3: attached PHY is 5720C (10/100/1000Base-T Ethernet) (WireSpeed[1], EEE[1])
Jun  4 03:24:34 syslog kernel: tg3 0000:02:00.1: eth3: RXcsums[1] LinkChgREG[0] MIirq[0] ASF[1] TSOcap[1]
Jun  4 03:24:34 syslog kernel: tg3 0000:02:00.1: eth3: dma_rwctrl[00000001] dma_mask[64-bit]
Jun  4 03:24:34 syslog kernel: shpchp: Standard Hot Plug PCI Controller Driver version: 0.4
Jun  4 03:24:34 syslog kernel: ACPI: resource (null) [io  0x0428-0x042f] conflicts with ACPI region GPE0 [io 0x428-0x42f]
Jun  4 03:24:34 syslog kernel: ACPI: If an ACPI driver is available for this device, you should use it instead of the native driver
Jun  4 03:24:34 syslog kernel: ACPI: resource (null) [io  0x0500-0x053f] conflicts with ACPI region GPIB [io 0x538-0x538]
Jun  4 03:24:34 syslog kernel: ACPI: If an ACPI driver is available for this device, you should use it instead of the native driver
Jun  4 03:24:34 syslog kernel: lpc_ich: Resource conflict(s) found affecting gpio_ich
Jun  4 03:24:34 syslog kernel: ACPI Error: No handler for Region [SYSI] (ffff88047a150a50) [IPMI] (20090903/evregion-319)
Jun  4 03:24:34 syslog kernel: ACPI Error: Region IPMI(7) has no handler (20090903/exfldio-295)
Jun  4 03:24:34 syslog kernel: ACPI Error (psparse-0537): Method parse/execution failed [\_SB_.PMI0._GHL] (Node ffff88047a0e9ad8), AE_NOT_EXIST
Jun  4 03:24:34 syslog kernel: ACPI Error (psparse-0537): Method parse/execution failed [\_SB_.PMI0._PMC] (Node ffff88047a0e9b78), AE_NOT_EXIST
Jun  4 03:24:34 syslog kernel: ACPI Exception: AE_NOT_EXIST, Evaluating _PMC (20090903/power_meter-759)
Jun  4 03:24:34 syslog kernel: dcdbas dcdbas: Dell Systems Management Base Driver (version 5.6.0-3.2)
Jun  4 03:24:34 syslog kernel: microcode: CPU0 sig=0x306f2, pf=0x1, revision=0x36
Jun  4 03:24:34 syslog kernel: platform microcode: firmware: requesting intel-ucode/06-3f-02
Jun  4 03:24:34 syslog kernel: microcode: CPU1 sig=0x306f2, pf=0x1, revision=0x36
Jun  4 03:24:34 syslog kernel: platform microcode: firmware: requesting intel-ucode/06-3f-02
Jun  4 03:24:34 syslog kernel: microcode: CPU2 sig=0x306f2, pf=0x1, revision=0x36
Jun  4 03:24:34 syslog kernel: platform microcode: firmware: requesting intel-ucode/06-3f-02
Jun  4 03:24:34 syslog kernel: microcode: CPU3 sig=0x306f2, pf=0x1, revision=0x36
Jun  4 03:24:34 syslog kernel: platform microcode: firmware: requesting intel-ucode/06-3f-02
Jun  4 03:24:34 syslog kernel: microcode: CPU4 sig=0x306f2, pf=0x1, revision=0x36
Jun  4 03:24:34 syslog kernel: platform microcode: firmware: requesting intel-ucode/06-3f-02
Jun  4 03:24:34 syslog kernel: microcode: CPU5 sig=0x306f2, pf=0x1, revision=0x36
Jun  4 03:24:34 syslog kernel: platform microcode: firmware: requesting intel-ucode/06-3f-02
Jun  4 03:24:34 syslog kernel: microcode: CPU6 sig=0x306f2, pf=0x1, revision=0x36
Jun  4 03:24:34 syslog kernel: platform microcode: firmware: requesting intel-ucode/06-3f-02
Jun  4 03:24:34 syslog kernel: microcode: CPU7 sig=0x306f2, pf=0x1, revision=0x36
Jun  4 03:24:34 syslog kernel: platform microcode: firmware: requesting intel-ucode/06-3f-02
Jun  4 03:24:34 syslog kernel: microcode: CPU8 sig=0x306f2, pf=0x1, revision=0x36
Jun  4 03:24:34 syslog kernel: platform microcode: firmware: requesting intel-ucode/06-3f-02
Jun  4 03:24:34 syslog kernel: microcode: CPU9 sig=0x306f2, pf=0x1, revision=0x36
Jun  4 03:24:34 syslog kernel: platform microcode: firmware: requesting intel-ucode/06-3f-02
Jun  4 03:24:34 syslog kernel: microcode: CPU10 sig=0x306f2, pf=0x1, revision=0x36
Jun  4 03:24:34 syslog kernel: platform microcode: firmware: requesting intel-ucode/06-3f-02
Jun  4 03:24:34 syslog kernel: microcode: CPU11 sig=0x306f2, pf=0x1, revision=0x36
Jun  4 03:24:34 syslog kernel: platform microcode: firmware: requesting intel-ucode/06-3f-02
Jun  4 03:24:34 syslog kernel: Microcode Update Driver: v2.00 <tigran@aivazian.fsnet.co.uk>, Peter Oruba
Jun  4 03:24:34 syslog kernel: iTCO_vendor_support: vendor-support=0
Jun  4 03:24:34 syslog kernel: iTCO_wdt: Intel TCO WatchDog Timer Driver v1.07rh
Jun  4 03:24:34 syslog kernel: iTCO_wdt: Found a Wellsburg TCO device (Version=2, TCOBASE=0x0460)
Jun  4 03:24:34 syslog kernel: iTCO_wdt: initialized. heartbeat=30 sec (nowayout=0)
Jun  4 03:24:34 syslog kernel: udev: renamed network interface eth1 to em2
Jun  4 03:24:34 syslog kernel: udev: renamed network interface eth3 to em4
Jun  4 03:24:34 syslog kernel: udev: renamed network interface eth2 to em3
Jun  4 03:24:34 syslog kernel: udev: renamed network interface eth0 to em1
Jun  4 03:24:34 syslog kernel: EXT4-fs (sda1): mounted filesystem with ordered data mode. Opts: 
Jun  4 03:24:34 syslog kernel: EXT4-fs (dm-2): mounted filesystem with ordered data mode. Opts: 
Jun  4 03:24:34 syslog kernel: Adding 8175608k swap on /dev/mapper/vg_syslog-lv_swap.  Priority:-1 extents:1 across:8175608k 
Jun  4 03:24:34 syslog kernel: NET: Registered protocol family 10
Jun  4 03:24:34 syslog kernel: lo: Disabled Privacy Extensions
Jun  4 03:24:34 syslog kernel: ip6_tables: (C) 2000-2006 Netfilter Core Team
Jun  4 03:24:34 syslog kernel: nf_conntrack version 0.5.0 (16384 buckets, 65536 max)
Jun  4 03:24:34 syslog kernel: ip_tables: (C) 2000-2006 Netfilter Core Team
Jun  4 03:24:34 syslog kernel: p4-clockmod: Warning: EST-capable CPU detected. The acpi-cpufreq module offers voltage scaling in addition to frequency scaling. You should use that instead of p4-clockmod, if possible.
Jun  4 03:24:34 syslog rpc.statd[1726]: Version 1.2.3 starting
Jun  4 03:24:34 syslog sm-notify[1727]: Version 1.2.3 starting
Jun  4 03:24:34 syslog rpc.statd[1726]: Initializing NSM state
Jun  4 03:24:41 syslog kdump: kexec: loaded kdump kernel
Jun  4 03:24:41 syslog kdump: started up
Jun  4 03:24:42 syslog acpid: starting up
Jun  4 03:24:42 syslog acpid: 1 rule loaded
Jun  4 03:24:42 syslog acpid: waiting for events: event logging is off
Jun  4 03:24:42 syslog acpid: client connected from 6258[68:68]
Jun  4 03:24:42 syslog acpid: 1 client rule loaded
Jun  4 03:24:43 syslog automount[6281]: lookup_read_master: lookup(nisplus): couldn't locate nis+ table auto.master
Jun  4 03:24:43 syslog mcelog: failed to prefill DIMM database from DMI data
Jun  4 03:24:44 syslog abrtd: Init complete, entering main loop
Jun  4 03:25:20 syslog kernel: usb 1-1.1: USB disconnect, device number 3
Jun  4 03:25:21 syslog kernel: usb 1-1.1: new low speed USB device number 6 using ehci_hcd
Jun  4 03:25:22 syslog kernel: usb 1-1.1: New USB device found, idVendor=046d, idProduct=c077
Jun  4 03:25:22 syslog kernel: usb 1-1.1: New USB device strings: Mfr=1, Product=2, SerialNumber=0
Jun  4 03:25:22 syslog kernel: usb 1-1.1: Product: USB Optical Mouse
Jun  4 03:25:22 syslog kernel: usb 1-1.1: Manufacturer: Logitech
Jun  4 03:25:22 syslog kernel: usb 1-1.1: configuration #1 chosen from 1 choice
Jun  4 03:25:22 syslog kernel: input: Logitech USB Optical Mouse as /devices/pci0000:00/0000:00:1a.0/usb1/1-1/1-1.1/1-1.1:1.0/input/input4
Jun  4 03:25:22 syslog kernel: generic-usb 0003:046D:C077.0003: input,hidraw0: USB HID v1.11 Mouse [Logitech USB Optical Mouse] on usb-0000:00:1a.0-1.1/input0
Jun  4 03:25:33 syslog system-config-network[6722]: ln //etc/sysconfig/network-scripts//ifcfg-em1 //etc/sysconfig/networking/devices//ifcfg-em1
Jun  4 03:25:33 syslog system-config-network[6722]: Linking em1 to devices and putting it in profile default.
Jun  4 03:25:33 syslog system-config-network[6722]: ln //etc/sysconfig/networking/devices//ifcfg-em1 //etc/sysconfig/networking/profiles//default/ifcfg-em1
Jun  4 03:25:34 syslog system-config-network[6722]: ln //etc/sysconfig/network-scripts//ifcfg-em2 //etc/sysconfig/networking/devices//ifcfg-em2
Jun  4 03:25:34 syslog system-config-network[6722]: Linking em2 to devices and putting it in profile default.
Jun  4 03:25:34 syslog system-config-network[6722]: ln //etc/sysconfig/networking/devices//ifcfg-em2 //etc/sysconfig/networking/profiles//default/ifcfg-em2
Jun  4 03:25:34 syslog system-config-network[6722]: ln //etc/sysconfig/network-scripts//ifcfg-em3 //etc/sysconfig/networking/devices//ifcfg-em3
Jun  4 03:25:34 syslog system-config-network[6722]: Linking em3 to devices and putting it in profile default.
Jun  4 03:25:34 syslog system-config-network[6722]: ln //etc/sysconfig/networking/devices//ifcfg-em3 //etc/sysconfig/networking/profiles//default/ifcfg-em3
Jun  4 03:25:34 syslog system-config-network[6722]: ln //etc/sysconfig/network-scripts//ifcfg-em4 //etc/sysconfig/networking/devices//ifcfg-em4
Jun  4 03:25:34 syslog system-config-network[6722]: Linking em4 to devices and putting it in profile default.
Jun  4 03:25:34 syslog system-config-network[6722]: ln //etc/sysconfig/networking/devices//ifcfg-em4 //etc/sysconfig/networking/profiles//default/ifcfg-em4
Jun  4 03:25:34 syslog system-config-network[6722]: ln //etc/hosts //etc/sysconfig/networking/profiles//default/hosts
Jun  4 03:25:34 syslog system-config-network[6722]: ln //etc/resolv.conf //etc/sysconfig/networking/profiles//default/resolv.conf
Jun  4 03:25:55 syslog system-config-network[6722]: chmod 0644 //etc/sysconfig/networking/devices/ifcfg-em1
Jun  4 03:25:55 syslog system-config-network[6722]: chmod 0644 //etc/sysconfig/networking/devices/ifcfg-em2
Jun  4 03:25:55 syslog system-config-network[6722]: chmod 0644 //etc/sysconfig/networking/devices/ifcfg-em3
Jun  4 03:25:55 syslog system-config-network[6722]: chmod 0644 //etc/sysconfig/networking/devices/ifcfg-em4
Jun  4 03:26:15 syslog kernel: usb 1-1.1: USB disconnect, device number 6
Jun  4 03:26:16 syslog kernel: usb 1-1.1: new low speed USB device number 7 using ehci_hcd
Jun  4 03:26:16 syslog kernel: usb 1-1.1: New USB device found, idVendor=046d, idProduct=c077
Jun  4 03:26:16 syslog kernel: usb 1-1.1: New USB device strings: Mfr=1, Product=2, SerialNumber=0
Jun  4 03:26:16 syslog kernel: usb 1-1.1: Product: USB Optical Mouse
Jun  4 03:26:16 syslog kernel: usb 1-1.1: Manufacturer: Logitech
Jun  4 03:26:16 syslog kernel: usb 1-1.1: configuration #1 chosen from 1 choice
Jun  4 03:26:16 syslog kernel: input: Logitech USB Optical Mouse as /devices/pci0000:00/0000:00:1a.0/usb1/1-1/1-1.1/1-1.1:1.0/input/input5
Jun  4 03:26:16 syslog kernel: generic-usb 0003:046D:C077.0004: input,hidraw0: USB HID v1.11 Mouse [Logitech USB Optical Mouse] on usb-0000:00:1a.0-1.1/input0
Jun  4 03:27:00 syslog kernel: ADDRCONF(NETDEV_UP): em1: link is not ready
Jun  4 03:27:02 syslog NET[7309]: /etc/sysconfig/network-scripts/ifup-post : updated /etc/resolv.conf
Jun  4 03:27:03 syslog kernel: tg3 0000:01:00.0: em1: Link is up at 1000 Mbps, full duplex
Jun  4 03:27:03 syslog kernel: tg3 0000:01:00.0: em1: Flow control is on for TX and on for RX
Jun  4 03:27:03 syslog kernel: tg3 0000:01:00.0: em1: EEE is disabled
Jun  4 03:27:03 syslog kernel: ADDRCONF(NETDEV_CHANGE): em1: link becomes ready
Jun  4 03:27:08 syslog init: tty (/dev/tty1) main process ended, respawning
Jun  4 03:27:10 syslog kernel: usb 1-1.1: USB disconnect, device number 7
Jun  4 03:27:11 syslog kernel: usb 1-1.1: new low speed USB device number 8 using ehci_hcd
Jun  4 03:27:11 syslog kernel: usb 1-1.1: New USB device found, idVendor=046d, idProduct=c077
Jun  4 03:27:11 syslog kernel: usb 1-1.1: New USB device strings: Mfr=1, Product=2, SerialNumber=0
Jun  4 03:27:11 syslog kernel: usb 1-1.1: Product: USB Optical Mouse
Jun  4 03:27:11 syslog kernel: usb 1-1.1: Manufacturer: Logitech
Jun  4 03:27:11 syslog kernel: usb 1-1.1: configuration #1 chosen from 1 choice
Jun  4 03:27:11 syslog kernel: input: Logitech USB Optical Mouse as /devices/pci0000:00/0000:00:1a.0/usb1/1-1/1-1.1/1-1.1:1.0/input/input6
